Microchip Technology Inc, v2.10 (B)

Tool Name:
  c:\program files\microchip\xc16\v2.10\bin\bin\..\bin/elf-ld.exe

Command:
  -p33EP128GP502 \
  --mdfp=C:/Program Files/Microchip/MPLABX/v6.15/packs/Microchip/dsPIC33E-GM-GP-MC-GU-MU_DFP/1.4.139/xc16 \
  -o \
  dist/default/production/hcsr04_macro.X.production.elf \
  -Lc:/program files/microchip/xc16/v2.10/bin/bin/.. \
  -LC:/Program Files/Microchip/MPLABX/v6.15/packs/Microchip/dsPIC33E-GM-GP-MC-GU-MU_DFP/1.4.139/xc16/bin/../support/PIC24E/gld \
  -LC:/Program Files/Microchip/MPLABX/v6.15/packs/Microchip/dsPIC33E-GM-GP-MC-GU-MU_DFP/1.4.139/xc16/bin/../support/dsPIC33E/gld \
  -Lc:/program files/microchip/xc16/v2.10/bin/bin/../../lib \
  -Lc:/program files/microchip/xc16/v2.10/bin/bin/../../support/PIC24E/gld \
  -Lc:/program files/microchip/xc16/v2.10/bin/bin/../../support/PIC24F/gld \
  -Lc:/program files/microchip/xc16/v2.10/bin/bin/../../support/PIC24H/gld \
  -Lc:/program files/microchip/xc16/v2.10/bin/bin/../../support/dsPIC30F/gld \
  -Lc:/program files/microchip/xc16/v2.10/bin/bin/../../support/dsPIC33C/gld \
  -Lc:/program files/microchip/xc16/v2.10/bin/bin/../../support/dsPIC33E/gld \
  -Lc:/program files/microchip/xc16/v2.10/bin/bin/../../support/dsPIC33F/gld \
  build/default/production/hcsr04_macro.o \
  build/default/production/_ext/1106609200/dataXfer.o \
  build/default/production/_ext/1106609200/dataXferImpl.o \
  build/default/production/_ext/1106609200/pic24_adc.o \
  build/default/production/_ext/1106609200/pic24_clockfreq.o \
  build/default/production/_ext/1106609200/pic24_configbits.o \
  build/default/production/_ext/1106609200/pic24_ecan.o \
  build/default/production/_ext/1106609200/pic24_flash.o \
  build/default/production/_ext/1106609200/pic24_i2c.o \
  build/default/production/_ext/1106609200/pic24_serial.o \
  build/default/production/_ext/1106609200/pic24_spi.o \
  build/default/production/_ext/1106609200/pic24_stdio_uart.o \
  build/default/production/_ext/1106609200/pic24_timer.o \
  build/default/production/_ext/1106609200/pic24_uart.o \
  build/default/production/_ext/1106609200/pic24_util.o \
  --local-stack \
  --defsym=__MPLAB_BUILD=1 \
  -Tp33EP128GP502_application.gld.00 \
  --stack=16 \
  --check-sections \
  --data-init \
  --pack-data \
  --handles \
  --isr \
  --no-gc-sections \
  --fill-upper=0 \
  --stackguard=16 \
  --no-force-link \
  --smart-io \
  -Map=dist/default/production/hcsr04_macro.X.production.map \
  --report-mem \
  --memorysummary \
  dist/default/production/memoryfile.xml \
  -start-group \
  --library=c99-pic30-elf \
  --library=m-elf \
  --library=c99-elf \
  -end-group \


Optional library libp33EP128GP502.a not found
Archive member included because of file (symbol)

c:/program files/microchip/xc16/v2.10/bin/bin/../../lib\libc99-pic30-elf.a(crt0_extendedep.o)
                              (__resetPRI)
c:/program files/microchip/xc16/v2.10/bin/bin/../../lib\libc99-pic30-elf.a(data_init_extended.o)
                              c:/program files/microchip/xc16/v2.10/bin/bin/../../lib\libc99-pic30-elf.a(crt0_extendedep.o) (__data_init_extended)
c:/program files/microchip/xc16/v2.10/bin/bin/../../lib\libc99-pic30-elf.a(crt_start_mode_normalep.Meo)
                              (__crt_start_mode_normal)
c:/program files/microchip/xc16/v2.10/bin/bin/../../lib\libc99-pic30-elf.a(c30_uartep.Meo)
                              build/default/production/_ext/1106609200/pic24_serial.o (___C30_UART)
c:/program files/microchip/xc16/v2.10/bin/bin/../../lib\libc99-pic30-elf.a(delay32ep.Meo)
                              build/default/production/hcsr04_macro.o (___delay32)
c:/program files/microchip/xc16/v2.10/bin/bin/../../lib\libc99-pic30-elf.a(divsi3.EP_o)
                              build/default/production/_ext/1106609200/pic24_i2c.o (___divsi3)
c:/program files/microchip/xc16/v2.10/bin/bin/../../lib\libc99-pic30-elf.a(feqltle.EP_o)
                              build/default/production/hcsr04_macro.o (___ltsf2)
c:/program files/microchip/xc16/v2.10/bin/bin/../../lib\libc99-pic30-elf.a(fgtge.EP_o)
                              build/default/production/hcsr04_macro.o (___gtsf2)
c:/program files/microchip/xc16/v2.10/bin/bin/../../lib\libc99-pic30-elf.a(fixunssfsi.EP_o)
                              build/default/production/_ext/1106609200/pic24_util.o (___fixunssfsi)
c:/program files/microchip/xc16/v2.10/bin/bin/../../lib\libc99-pic30-elf.a(floatunsisf.EP_o)
                              build/default/production/hcsr04_macro.o (___floatunsisf)
c:/program files/microchip/xc16/v2.10/bin/bin/../../lib\libc99-pic30-elf.a(funpack.EP_o)
                              c:/program files/microchip/xc16/v2.10/bin/bin/../../lib\libc99-pic30-elf.a(fixunssfsi.EP_o) (__funpack)
c:/program files/microchip/xc16/v2.10/bin/bin/../../lib\libc99-pic30-elf.a(udivsi3.EP_o)
[...]
Memory Configuration

Name             Origin             Length             Attributes
data             0x001000           0x004000           a !xr
reset            0x000000           0x000004  
ivt              0x000004           0x0001fc  
j_ivt            0x002800           0x000300  
program          0x002b00           0x012cec           xr
FICD             0x0157f0           0x000002  
FPOR             0x0157f2           0x000002  
FWDT             0x0157f4           0x000002  
FOSC             0x0157f6           0x000002  
FOSCSEL          0x0157f8           0x000002  
FGS              0x0157fa           0x000002  
FUID0            0x800ff8           0x000002  
FUID1            0x800ffa           0x000002  
FUID2            0x800ffc           0x000002  
FUID3            0x800ffe           0x000002  
*default*        0x000000           0xffffffff  

Linker script and memory map

LOAD build/default/production/hcsr04_macro.o
LOAD build/default/production/_ext/1106609200/dataXfer.o
LOAD build/default/production/_ext/1106609200/dataXferImpl.o
LOAD build/default/production/_ext/1106609200/pic24_adc.o
LOAD build/default/production/_ext/1106609200/pic24_clockfreq.o
LOAD build/default/production/_ext/1106609200/pic24_configbits.o
LOAD build/default/production/_ext/1106609200/pic24_ecan.o
LOAD build/default/production/_ext/1106609200/pic24_flash.o
LOAD build/default/production/_ext/1106609200/pic24_i2c.o
LOAD build/default/production/_ext/1106609200/pic24_serial.o
LOAD build/default/production/_ext/1106609200/pic24_spi.o
LOAD build/default/production/_ext/1106609200/pic24_stdio_uart.o
LOAD build/default/production/_ext/1106609200/pic24_timer.o
LOAD build/default/production/_ext/1106609200/pic24_uart.o
LOAD build/default/production/_ext/1106609200/pic24_util.o
                    0x0001                  __MPLAB_BUILD = 0x1
LOAD p33EP128GP502
LOAD c:/program files/microchip/xc16/v2.10/bin/bin/../../lib\libfx-elf.a
                    0x2800                  __JIVT_BASE = 0x2800
                    0x2802                  J__OscillatorFail = 0x2802
                    0x2806                  J__AddressError = 0x2806
                    0x280a                  J__HardTrapError = 0x280a
                    0x280e                  J__StackError = 0x280e
                    0x2812                  J__MathError = 0x2812
                    0x2816                  J__DMACError = 0x2816
                    0x281a                  J__SoftTrapError = 0x281a
                    0x281e                  J__ReservedTrap7 = 0x281e
                    0x2822                  J__INT0Interrupt = 0x2822
                    0x2826                  J__IC1Interrupt = 0x2826
                    0x282a                  J__OC1Interrupt = 0x282a
                    0x282e                  J__T1Interrupt = 0x282e
                    0x2832                  J__DMA0Interrupt = 0x2832
                    0x2836                  J__IC2Interrupt = 0x2836
                    0x283a                  J__OC2Interrupt = 0x283a
                    0x283e                  J__T2Interrupt = 0x283e
                    0x2842                  J__T3Interrupt = 0x2842
                    0x2846                  J__SPI1ErrInterrupt = 0x2846
                    0x284a                  J__SPI1Interrupt = 0x284a
                    0x284e                  J__U1RXInterrupt = 0x284e
                    0x2852                  J__U1TXInterrupt = 0x2852
                    0x2856                  J__AD1Interrupt = 0x2856
                    0x285a                  J__DMA1Interrupt = 0x285a
                    0x285e                  J__Interrupt15 = 0x285e
                    0x2862                  J__SI2C1Interrupt = 0x2862
                    0x2866                  J__MI2C1Interrupt = 0x2866
                    0x286a                  J__CM1Interrupt = 0x286a
                    0x286e                  J__CNInterrupt = 0x286e
                    0x2872                  J__INT1Interrupt = 0x2872
                    0x2876                  J__Interrupt21 = 0x2876
                    0x287a                  J__Interrupt22 = 0x287a
                    0x287e                  J__Interrupt23 = 0x287e
                    0x2882                  J__DMA2Interrupt = 0x2882
                    0x2886                  J__OC3Interrupt = 0x2886
                    0x288a                  J__OC4Interrupt = 0x288a
                    0x288e                  J__T4Interrupt = 0x288e
                    0x2892                  J__T5Interrupt = 0x2892
                    0x2896                  J__INT2Interrupt = 0x2896
                    0x289a                  J__U2RXInterrupt = 0x289a
                    0x289e                  J__U2TXInterrupt = 0x289e
                    0x28a2                  J__SPI2ErrInterrupt = 0x28a2
                    0x28a6                  J__SPI2Interrupt = 0x28a6
                    0x28aa                  J__C1RxRdyInterrupt = 0x28aa
                    0x28ae                  J__C1Interrupt = 0x28ae
                    0x28b2                  J__DMA3Interrupt = 0x28b2
                    0x28b6                  J__IC3Interrupt = 0x28b6
                    0x28ba                  J__IC4Interrupt = 0x28ba
                    0x28be                  J__Interrupt39 = 0x28be
                    0x28c2                  J__Interrupt40 = 0x28c2
                    0x28c6                  J__Interrupt41 = 0x28c6
                    0x28ca                  J__Interrupt42 = 0x28ca
                    0x28ce                  J__Interrupt43 = 0x28ce
                    0x28d2                  J__Interrupt44 = 0x28d2
                    0x28d6                  J__Interrupt45 = 0x28d6
                    0x28da                  J__Interrupt46 = 0x28da
                    0x28de                  J__Interrupt47 = 0x28de
                    0x28e2                  J__Interrupt48 = 0x28e2
                    0x28e6                  J__SI2C2Interrupt = 0x28e6
                    0x28ea                  J__MI2C2Interrupt = 0x28ea
                    0x28ee                  J__Interrupt51 = 0x28ee
                    0x28f2                  J__Interrupt52 = 0x28f2
                    0x28f6                  J__Interrupt53 = 0x28f6
                    0x28fa                  J__Interrupt54 = 0x28fa
                    0x28fe                  J__Interrupt55 = 0x28fe
                    0x2902                  J__Interrupt56 = 0x2902
                    0x2906                  J__Interrupt57 = 0x2906
                    0x290a                  J__Interrupt58 = 0x290a
                    0x290e                  J__Interrupt59 = 0x290e
                    0x2912                  J__Interrupt60 = 0x2912
                    0x2916                  J__Interrupt61 = 0x2916
                    0x291a                  J__Interrupt62 = 0x291a
                    0x291e                  J__Interrupt63 = 0x291e
                    0x2922                  J__Interrupt64 = 0x2922
                    0x2926                  J__U1ErrInterrupt = 0x2926
                    0x292a                  J__U2ErrInterrupt = 0x292a
                    0x292e                  J__CRCInterrupt = 0x292e
                    0x2932                  J__Interrupt68 = 0x2932
                    0x2936                  J__Interrupt69 = 0x2936
                    0x293a                  J__C1TxReqInterrupt = 0x293a
                    0x293e                  J__Interrupt71 = 0x293e
                    0x2942                  J__Interrupt72 = 0x2942
                    0x2946                  J__Interrupt73 = 0x2946
                    0x294a                  J__Interrupt74 = 0x294a
                    0x294e                  J__Interrupt75 = 0x294e
                    0x2952                  J__Interrupt76 = 0x2952
                    0x2956                  J__CTMUInterrupt = 0x2956
                    0x295a                  J__Interrupt78 = 0x295a
                    0x295e                  J__Interrupt79 = 0x295e
                    0x2962                  J__Interrupt80 = 0x2962
                    0x2966                  J__Interrupt81 = 0x2966
                    0x296a                  J__Interrupt82 = 0x296a
                    0x296e                  J__Interrupt83 = 0x296e
                    0x2972                  J__Interrupt84 = 0x2972
                    0x2976                  J__Interrupt85 = 0x2976
                    0x297a                  J__Interrupt86 = 0x297a
                    0x297e                  J__Interrupt87 = 0x297e
                    0x2982                  J__Interrupt88 = 0x2982
                    0x2986                  J__Interrupt89 = 0x2986
                    0x298a                  J__Interrupt90 = 0x298a
                    0x298e                  J__Interrupt91 = 0x298e
                    0x2992                  J__Interrupt92 = 0x2992
                    0x2996                  J__Interrupt93 = 0x2996
                    0x299a                  J__Interrupt94 = 0x299a
                    0x299e                  J__Interrupt95 = 0x299e
                    0x29a2                  J__Interrupt96 = 0x29a2
                    0x29a6                  J__Interrupt97 = 0x29a6
                    0x29aa                  J__Interrupt98 = 0x29aa
                    0x29ae                  J__Interrupt99 = 0x29ae
                    0x29b2                  J__Interrupt100 = 0x29b2
                    0x29b6                  J__Interrupt101 = 0x29b6
                    0x29ba                  J__Interrupt102 = 0x29ba
                    0x29be                  J__Interrupt103 = 0x29be
                    0x29c2                  J__Interrupt104 = 0x29c2
                    0x29c6                  J__Interrupt105 = 0x29c6
                    0x29ca                  J__Interrupt106 = 0x29ca
                    0x29ce                  J__Interrupt107 = 0x29ce
                    0x29d2                  J__Interrupt108 = 0x29d2
                    0x29d6                  J__Interrupt109 = 0x29d6
                    0x29da                  J__Interrupt110 = 0x29da
                    0x29de                  J__Interrupt111 = 0x29de
                    0x29e2                  J__Interrupt112 = 0x29e2
                    0x29e6                  J__Interrupt113 = 0x29e6
                    0x29ea                  J__Interrupt114 = 0x29ea
                    0x29ee                  J__Interrupt115 = 0x29ee
                    0x29f2                  J__Interrupt116 = 0x29f2
                    0x29f6                  J__Interrupt117 = 0x29f6
                    0x29fa                  J__Interrupt118 = 0x29fa
                    0x29fe                  J__Interrupt119 = 0x29fe
                    0x3002                  J__Interrupt120 = 0x3002
                    0x3006                  J__Interrupt121 = 0x3006
                    0x300a                  J__Interrupt122 = 0x300a
                    0x300e                  J__Interrupt123 = 0x300e
                    0x3012                  J__Interrupt124 = 0x3012
                    0x3016                  J__Interrupt125 = 0x3016
                    0x301a                  J__Interrupt126 = 0x301a
                    0x301e                  J__Interrupt127 = 0x301e
                    0x3022                  J__Interrupt128 = 0x3022
                    0x3026                  J__Interrupt129 = 0x3026
                    0x302a                  J__Interrupt130 = 0x302a
                    0x030e                  J__Interrupt131 = 0x30e
                    0x3032                  J__Interrupt132 = 0x3032
                    0x3036                  J__Interrupt133 = 0x3036
                    0x303a                  J__Interrupt134 = 0x303a
                    0x303e                  J__Interrupt135 = 0x303e
                    0x3042                  J__Interrupt136 = 0x3042
                    0x3046                  J__Interrupt137 = 0x3046
                    0x304a                  J__Interrupt138 = 0x304a
                    0x304e                  J__Interrupt139 = 0x304e
                    0x3052                  J__Interrupt140 = 0x3052
                    0x3056                  J__Interrupt141 = 0x3056
                    0x305a                  J__ICDInterrupt = 0x305a
                    0x305e                  J__JTAGInterrupt = 0x305e
                    0x3062                  J__Interrupt144 = 0x3062
                    0x3066                  J__PTGSTEPInterrupt = 0x3066
                    0x306a                  J__PTGWDTInterrupt = 0x306a
                    0x306e                  J__PTG0Interrupt = 0x306e
                    0x3072                  J__PTG1Interrupt = 0x3072
                    0x3076                  J__PTG2Interrupt = 0x3076
                    0x307a                  J__PTG3Interrupt = 0x307a
                    0x157f0                  __FICD = 0x157f0
                    0x157f2                  __FPOR = 0x157f2
                    0x157f4                  __FWDT = 0x157f4
                    0x157f6                  __FOSC = 0x157f6
                    0x157f8                  __FOSCSEL = 0x157f8
                    0x157fa                  __FGS = 0x157fa
                    0x800ff8                  __FUID0 = 0x800ff8
                    0x800ffa                  __FUID1 = 0x800ffa
                    0x800ffc                  __FUID2 = 0x800ffc
                    0x800ffe                  __FUID3 = 0x800ffe
                    0x2b00                  __CODE_BASE = 0x2b00
                    0x12cec                  __CODE_LENGTH = 0x12cec
                    0x0004                  __IVT_BASE = 0x4
                    0x1000                  __DATA_BASE = 0x1000
                    0x4000                  __DATA_LENGTH = 0x4000
                    0x3000                  __YDATA_BASE = 0x3000
                    0x4fff                  __YDATA_END = 0x4fff

.reset            0x000000          0x4
                  0x000000          0x2 SHORT 0x2b00 ABSOLUTE (__reset)
                  0x000001          0x2 SHORT 0x4
                  0x000002          0x2 SHORT 0x0 ((ABSOLUTE (__reset) >> 0x10) & 0x7f)
                  0x000003          0x2 SHORT 0x0

.j_ivt            0x002800        0x27e
                  0x002800          0x2 SHORT 0x2
                  0x002801          0x2 SHORT 0x0
                  0x002802          0x2 SHORT 0x2cd2 DEFINED (__OscillatorFail)?ABSOLUTE (__OscillatorFail):ABSOLUTE (__DefaultInterrupt)
                  0x002803          0x2 SHORT 0x4
                  0x002804          0x2 SHORT 0x0 ((DEFINED (__OscillatorFail)?ABSOLUTE (__OscillatorFail):ABSOLUTE (__DefaultInterrupt) >> 0x10) & 0x7f)
                  0x002805          0x2 SHORT 0x0
                  0x002806          0x2 SHORT 0x2cd2 DEFINED (__AddressError)?ABSOLUTE (__AddressError):ABSOLUTE (__DefaultInterrupt)
                  0x002807          0x2 SHORT 0x4
                  0x002808          0x2 SHORT 0x0 ((DEFINED (__AddressError)?ABSOLUTE (__AddressError):ABSOLUTE (__DefaultInterrupt) >> 0x10) & 0x7f)
                  0x002809          0x2 SHORT 0x0
                  0x00280a          0x2 SHORT 0x2cd2 DEFINED (__HardTrapError)?ABSOLUTE (__HardTrapError):ABSOLUTE (__DefaultInterrupt)
                  0x00280b          0x2 SHORT 0x4
                  0x00280c          0x2 SHORT 0x0 ((DEFINED (__HardTrapError)?ABSOLUTE (__HardTrapError):ABSOLUTE (__DefaultInterrupt) >> 0x10) & 0x7f)
                  0x00280d          0x2 SHORT 0x0
                  0x00280e          0x2 SHORT 0x2cd2 DEFINED (__StackError)?ABSOLUTE (__StackError):ABSOLUTE (__DefaultInterrupt)
                  0x00280f          0x2 SHORT 0x4
                  0x002810          0x2 SHORT 0x0 ((DEFINED (__StackError)?ABSOLUTE (__StackError):ABSOLUTE (__DefaultInterrupt) >> 0x10) & 0x7f)
                  0x002811          0x2 SHORT 0x0
                  0x002812          0x2 SHORT 0x2cd2 DEFINED (__MathError)?ABSOLUTE (__MathError):ABSOLUTE (__DefaultInterrupt)
                  0x002813          0x2 SHORT 0x4
                  0x002814          0x2 SHORT 0x0 ((DEFINED (__MathError)?ABSOLUTE (__MathError):ABSOLUTE (__DefaultInterrupt) >> 0x10) & 0x7f)
                  0x002815          0x2 SHORT 0x0
                  0x002816          0x2 SHORT 0x2cd2 DEFINED (__DMACError)?ABSOLUTE (__DMACError):ABSOLUTE (__DefaultInterrupt)
                  0x002817          0x2 SHORT 0x4
                  0x002818          0x2 SHORT 0x0 ((DEFINED (__DMACError)?ABSOLUTE (__DMACError):ABSOLUTE (__DefaultInterrupt) >> 0x10) & 0x7f)
                  0x002819          0x2 SHORT 0x0
                  0x00281a          0x2 SHORT 0x2cd2 DEFINED (__SoftTrapError)?ABSOLUTE (__SoftTrapError):ABSOLUTE (__DefaultInterrupt)
                  0x00281b          0x2 SHORT 0x4
                  0x00281c          0x2 SHORT 0x0 ((DEFINED (__SoftTrapError)?ABSOLUTE (__SoftTrapError):ABSOLUTE (__DefaultInterrupt) >> 0x10) & 0x7f)
                  0x00281d          0x2 SHORT 0x0
                  0x00281e          0x2 SHORT 0x2cd2 DEFINED (__ReservedTrap7)?ABSOLUTE (__ReservedTrap7):ABSOLUTE (__DefaultInterrupt)
                  0x00281f          0x2 SHORT 0x4
                  0x002820          0x2 SHORT 0x0 ((DEFINED (__ReservedTrap7)?ABSOLUTE (__ReservedTrap7):ABSOLUTE (__DefaultInterrupt) >> 0x10) & 0x7f)
                  0x002821          0x2 SHORT 0x0
                  0x002822          0x2 SHORT 0x2cd2 DEFINED (__INT0Interrupt)?ABSOLUTE (__INT0Interrupt):ABSOLUTE (__DefaultInterrupt)
                  0x002823          0x2 SHORT 0x4
                  0x002824          0x2 SHORT 0x0 ((DEFINED (__INT0Interrupt)?ABSOLUTE (__INT0Interrupt):ABSOLUTE (__DefaultInterrupt) >> 0x10) & 0x7f)
                  0x002825          0x2 SHORT 0x0
                  0x002826          0x2 SHORT 0x2c28 DEFINED (__IC1Interrupt)?ABSOLUTE (__IC1Interrupt):ABSOLUTE (__DefaultInterrupt)
                  0x002827          0x2 SHORT 0x4
                  0x002828          0x2 SHORT 0x0 ((DEFINED (__IC1Interrupt)?ABSOLUTE (__IC1Interrupt):ABSOLUTE (__DefaultInterrupt) >> 0x10) & 0x7f)
                  0x002829          0x2 SHORT 0x0
                  0x00282a          0x2 SHORT 0x2cd2 DEFINED (__OC1Interrupt)?ABSOLUTE (__OC1Interrupt):ABSOLUTE (__DefaultInterrupt)
                  0x00282b          0x2 SHORT 0x4
                  0x00282c          0x2 SHORT 0x0 ((DEFINED (__OC1Interrupt)?ABSOLUTE (__OC1Interrupt):ABSOLUTE (__DefaultInterrupt) >> 0x10) & 0x7f)
                  0x00282d          0x2 SHORT 0x0
                  0x00282e          0x2 SHORT 0x2cd2 DEFINED (__T1Interrupt)?ABSOLUTE (__T1Interrupt):ABSOLUTE (__DefaultInterrupt)
                  0x00282f          0x2 SHORT 0x4
                  0x002830          0x2 SHORT 0x0 ((DEFINED (__T1Interrupt)?ABSOLUTE (__T1Interrupt):ABSOLUTE (__DefaultInterrupt) >> 0x10) & 0x7f)
                  0x002831          0x2 SHORT 0x0
                  0x002832          0x2 SHORT 0x2cd2 DEFINED (__DMA0Interrupt)?ABSOLUTE (__DMA0Interrupt):ABSOLUTE (__DefaultInterrupt)
                  0x002833          0x2 SHORT 0x4
                  0x002834          0x2 SHORT 0x0 ((DEFINED (__DMA0Interrupt)?ABSOLUTE (__DMA0Interrupt):ABSOLUTE (__DefaultInterrupt) >> 0x10) & 0x7f)
                  0x002835          0x2 SHORT 0x0
                  0x002836          0x2 SHORT 0x2cd2 DEFINED (__IC2Interrupt)?ABSOLUTE (__IC2Interrupt):ABSOLUTE (__DefaultInterrupt)
                  0x002837          0x2 SHORT 0x4
                  0x002838          0x2 SHORT 0x0 ((DEFINED (__IC2Interrupt)?ABSOLUTE (__IC2Interrupt):ABSOLUTE (__DefaultInterrupt) >> 0x10) & 0x7f)
                  0x002839          0x2 SHORT 0x0
                  0x00283a          0x2 SHORT 0x2cd2 DEFINED (__OC2Interrupt)?ABSOLUTE (__OC2Interrupt):ABSOLUTE (__DefaultInterrupt)
                  0x00283b          0x2 SHORT 0x4
                  0x00283c          0x2 SHORT 0x0 ((DEFINED (__OC2Interrupt)?ABSOLUTE (__OC2Interrupt):ABSOLUTE (__DefaultInterrupt) >> 0x10) & 0x7f)
                  0x00283d          0x2 SHORT 0x0
                  0x00283e          0x2 SHORT 0x2c16 DEFINED (__T2Interrupt)?ABSOLUTE (__T2Interrupt):ABSOLUTE (__DefaultInterrupt)
                  0x00283f          0x2 SHORT 0x4
                  0x002840          0x2 SHORT 0x0 ((DEFINED (__T2Interrupt)?ABSOLUTE (__T2Interrupt):ABSOLUTE (__DefaultInterrupt) >> 0x10) & 0x7f)
                  0x002841          0x2 SHORT 0x0
                  0x002842          0x2 SHORT 0x2cd2 DEFINED (__T3Interrupt)?ABSOLUTE (__T3Interrupt):ABSOLUTE (__DefaultInterrupt)
                  0x002843          0x2 SHORT 0x4
                  0x002844          0x2 SHORT 0x0 ((DEFINED (__T3Interrupt)?ABSOLUTE (__T3Interrupt):ABSOLUTE (__DefaultInterrupt) >> 0x10) & 0x7f)
                  0x002845          0x2 SHORT 0x0
                  0x002846          0x2 SHORT 0x2cd2 DEFINED (__SPI1ErrInterrupt)?ABSOLUTE (__SPI1ErrInterrupt):ABSOLUTE (__DefaultInterrupt)
                  0x002847          0x2 SHORT 0x4
                  0x002848          0x2 SHORT 0x0 ((DEFINED (__SPI1ErrInterrupt)?ABSOLUTE (__SPI1ErrInterrupt):ABSOLUTE (__DefaultInterrupt) >> 0x10) & 0x7f)
                  0x002849          0x2 SHORT 0x0
                  0x00284a          0x2 SHORT 0x2cd2 DEFINED (__SPI1Interrupt)?ABSOLUTE (__SPI1Interrupt):ABSOLUTE (__DefaultInterrupt)
                  0x00284b          0x2 SHORT 0x4
                  0x00284c          0x2 SHORT 0x0 ((DEFINED (__SPI1Interrupt)?ABSOLUTE (__SPI1Interrupt):ABSOLUTE (__DefaultInterrupt) >> 0x10) & 0x7f)
                  0x00284d          0x2 SHORT 0x0
                  0x00284e          0x2 SHORT 0x2cd2 DEFINED (__U1RXInterrupt)?ABSOLUTE (__U1RXInterrupt):ABSOLUTE (__DefaultInterrupt)
                  0x00284f          0x2 SHORT 0x4
                  0x002850          0x2 SHORT 0x0 ((DEFINED (__U1RXInterrupt)?ABSOLUTE (__U1RXInterrupt):ABSOLUTE (__DefaultInterrupt) >> 0x10) & 0x7f)
                  0x002851          0x2 SHORT 0x0
                  0x002852          0x2 SHORT 0x2cd2 DEFINED (__U1TXInterrupt)?ABSOLUTE (__U1TXInterrupt):ABSOLUTE (__DefaultInterrupt)
                  0x002853          0x2 SHORT 0x4
                  0x002854          0x2 SHORT 0x0 ((DEFINED (__U1TXInterrupt)?ABSOLUTE (__U1TXInterrupt):ABSOLUTE (__DefaultInterrupt) >> 0x10) & 0x7f)
                  0x002855          0x2 SHORT 0x0
                  0x002856          0x2 SHORT 0x2cd2 DEFINED (__AD1Interrupt)?ABSOLUTE (__AD1Interrupt):ABSOLUTE (__DefaultInterrupt)
                  0x002857          0x2 SHORT 0x4
                  0x002858          0x2 SHORT 0x0 ((DEFINED (__AD1Interrupt)?ABSOLUTE (__AD1Interrupt):ABSOLUTE (__DefaultInterrupt) >> 0x10) & 0x7f)
                  0x002859          0x2 SHORT 0x0
                  0x00285a          0x2 SHORT 0x2cd2 DEFINED (__DMA1Interrupt)?ABSOLUTE (__DMA1Interrupt):ABSOLUTE (__DefaultInterrupt)
                  0x00285b          0x2 SHORT 0x4
                  0x00285c          0x2 SHORT 0x0 ((DEFINED (__DMA1Interrupt)?ABSOLUTE (__DMA1Interrupt):ABSOLUTE (__DefaultInterrupt) >> 0x10) & 0x7f)
                  0x00285d          0x2 SHORT 0x0
                  0x00285e          0x2 SHORT 0x2cd2 DEFINED (__Interrupt15)?ABSOLUTE (__Interrupt15):ABSOLUTE (__DefaultInterrupt)
                  0x00285f          0x2 SHORT 0x4
                  0x002860          0x2 SHORT 0x0 ((DEFINED (__Interrupt15)?ABSOLUTE (__Interrupt15):ABSOLUTE (__DefaultInterrupt) >> 0x10) & 0x7f)
                  0x002861          0x2 SHORT 0x0
                  0x002862          0x2 SHORT 0x2cd2 DEFINED (__SI2C1Interrupt)?ABSOLUTE (__SI2C1Interrupt):ABSOLUTE (__DefaultInterrupt)
                  0x002863          0x2 SHORT 0x4
                  0x002864          0x2 SHORT 0x0 ((DEFINED (__SI2C1Interrupt)?ABSOLUTE (__SI2C1Interrupt):ABSOLUTE (__DefaultInterrupt) >> 0x10) & 0x7f)
                  0x002865          0x2 SHORT 0x0
                  0x002866          0x2 SHORT 0x2cd2 DEFINED (__MI2C1Interrupt)?ABSOLUTE (__MI2C1Interrupt):ABSOLUTE (__DefaultInterrupt)
                  0x002867          0x2 SHORT 0x4
                  0x002868          0x2 SHORT 0x0 ((DEFINED (__MI2C1Interrupt)?ABSOLUTE (__MI2C1Interrupt):ABSOLUTE (__DefaultInterrupt) >> 0x10) & 0x7f)
                  0x002869          0x2 SHORT 0x0
                  0x00286a          0x2 SHORT 0x2cd2 DEFINED (__CM1Interrupt)?ABSOLUTE (__CM1Interrupt):ABSOLUTE (__DefaultInterrupt)
                  0x00286b          0x2 SHORT 0x4
                  0x00286c          0x2 SHORT 0x0 ((DEFINED (__CM1Interrupt)?ABSOLUTE (__CM1Interrupt):ABSOLUTE (__DefaultInterrupt) >> 0x10) & 0x7f)
                  0x00286d          0x2 SHORT 0x0
                  0x00286e          0x2 SHORT 0x2cd2 DEFINED (__CNInterrupt)?ABSOLUTE (__CNInterrupt):ABSOLUTE (__DefaultInterrupt)
                  0x00286f          0x2 SHORT 0x4
                  0x002870          0x2 SHORT 0x0 ((DEFINED (__CNInterrupt)?ABSOLUTE (__CNInterrupt):ABSOLUTE (__DefaultInterrupt) >> 0x10) & 0x7f)
                  0x002871          0x2 SHORT 0x0
                  0x002872          0x2 SHORT 0x2cd2 DEFINED (__INT1Interrupt)?ABSOLUTE (__INT1Interrupt):ABSOLUTE (__DefaultInterrupt)
                  0x002873          0x2 SHORT 0x4
                  0x002874          0x2 SHORT 0x0 ((DEFINED (__INT1Interrupt)?ABSOLUTE (__INT1Interrupt):ABSOLUTE (__DefaultInterrupt) >> 0x10) & 0x7f)
                  0x002875          0x2 SHORT 0x0
                  0x002876          0x2 SHORT 0x2cd2 DEFINED (__Interrupt21)?ABSOLUTE (__Interrupt21):ABSOLUTE (__DefaultInterrupt)
                  0x002877          0x2 SHORT 0x4
                  0x002878          0x2 SHORT 0x0 ((DEFINED (__Interrupt21)?ABSOLUTE (__Interrupt21):ABSOLUTE (__DefaultInterrupt) >> 0x10) & 0x7f)
                  0x002879          0x2 SHORT 0x0
                  0x00287a          0x2 SHORT 0x2cd2 DEFINED (__Interrupt22)?ABSOLUTE (__Interrupt22):ABSOLUTE (__DefaultInterrupt)
                  0x00287b          0x2 SHORT 0x4
                  0x00287c          0x2 SHORT 0x0 ((DEFINED (__Interrupt22)?ABSOLUTE (__Interrupt22):ABSOLUTE (__DefaultInterrupt) >> 0x10) & 0x7f)
                  0x00287d          0x2 SHORT 0x0
                  0x00287e          0x2 SHORT 0x2cd2 DEFINED (__Interrupt23)?ABSOLUTE (__Interrupt23):ABSOLUTE (__DefaultInterrupt)
                  0x00287f          0x2 SHORT 0x4
                  0x002880          0x2 SHORT 0x0 ((DEFINED (__Interrupt23)?ABSOLUTE (__Interrupt23):ABSOLUTE (__DefaultInterrupt) >> 0x10) & 0x7f)
                  0x002881          0x2 SHORT 0x0
                  0x002882          0x2 SHORT 0x2cd2 DEFINED (__DMA2Interrupt)?ABSOLUTE (__DMA2Interrupt):ABSOLUTE (__DefaultInterrupt)
                  0x002883          0x2 SHORT 0x4
                  0x002884          0x2 SHORT 0x0 ((DEFINED (__DMA2Interrupt)?ABSOLUTE (__DMA2Interrupt):ABSOLUTE (__DefaultInterrupt) >> 0x10) & 0x7f)
                  0x002885          0x2 SHORT 0x0
                  0x002886          0x2 SHORT 0x2cd2 DEFINED (__OC3Interrupt)?ABSOLUTE (__OC3Interrupt):ABSOLUTE (__DefaultInterrupt)
                  0x002887          0x2 SHORT 0x4
                  0x002888          0x2 SHORT 0x0 ((DEFINED (__OC3Interrupt)?ABSOLUTE (__OC3Interrupt):ABSOLUTE (__DefaultInterrupt) >> 0x10) & 0x7f)
                  0x002889          0x2 SHORT 0x0
                  0x00288a          0x2 SHORT 0x2cd2 DEFINED (__OC4Interrupt)?ABSOLUTE (__OC4Interrupt):ABSOLUTE (__DefaultInterrupt)
                  0x00288b          0x2 SHORT 0x4
                  0x00288c          0x2 SHORT 0x0 ((DEFINED (__OC4Interrupt)?ABSOLUTE (__OC4Interrupt):ABSOLUTE (__DefaultInterrupt) >> 0x10) & 0x7f)
                  0x00288d          0x2 SHORT 0x0
                  0x00288e          0x2 SHORT 0x2cd2 DEFINED (__T4Interrupt)?ABSOLUTE (__T4Interrupt):ABSOLUTE (__DefaultInterrupt)
                  0x00288f          0x2 SHORT 0x4
                  0x002890          0x2 SHORT 0x0 ((DEFINED (__T4Interrupt)?ABSOLUTE (__T4Interrupt):ABSOLUTE (__DefaultInterrupt) >> 0x10) & 0x7f)
                  0x002891          0x2 SHORT 0x0
                  0x002892          0x2 SHORT 0x2cd2 DEFINED (__T5Interrupt)?ABSOLUTE (__T5Interrupt):ABSOLUTE (__DefaultInterrupt)
                  0x002893          0x2 SHORT 0x4
                  0x002894          0x2 SHORT 0x0 ((DEFINED (__T5Interrupt)?ABSOLUTE (__T5Interrupt):ABSOLUTE (__DefaultInterrupt) >> 0x10) & 0x7f)
                  0x002895          0x2 SHORT 0x0
                  0x002896          0x2 SHORT 0x2cd2 DEFINED (__INT2Interrupt)?ABSOLUTE (__INT2Interrupt):ABSOLUTE (__DefaultInterrupt)
                  0x002897          0x2 SHORT 0x4
                  0x002898          0x2 SHORT 0x0 ((DEFINED (__INT2Interrupt)?ABSOLUTE (__INT2Interrupt):ABSOLUTE (__DefaultInterrupt) >> 0x10) & 0x7f)
                  0x002899          0x2 SHORT 0x0
                  0x00289a          0x2 SHORT 0x2cd2 DEFINED (__U2RXInterrupt)?ABSOLUTE (__U2RXInterrupt):ABSOLUTE (__DefaultInterrupt)
                  0x00289b          0x2 SHORT 0x4
                  0x00289c          0x2 SHORT 0x0 ((DEFINED (__U2RXInterrupt)?ABSOLUTE (__U2RXInterrupt):ABSOLUTE (__DefaultInterrupt) >> 0x10) & 0x7f)
                  0x00289d          0x2 SHORT 0x0
                  0x00289e          0x2 SHORT 0x2cd2 DEFINED (__U2TXInterrupt)?ABSOLUTE (__U2TXInterrupt):ABSOLUTE (__DefaultInterrupt)
                  0x00289f          0x2 SHORT 0x4
                  0x0028a0          0x2 SHORT 0x0 ((DEFINED (__U2TXInterrupt)?ABSOLUTE (__U2TXInterrupt):ABSOLUTE (__DefaultInterrupt) >> 0x10) & 0x7f)
                  0x0028a1          0x2 SHORT 0x0
                  0x0028a2          0x2 SHORT 0x2cd2 DEFINED (__SPI2ErrInterrupt)?ABSOLUTE (__SPI2ErrInterrupt):ABSOLUTE (__DefaultInterrupt)
                  0x0028a3          0x2 SHORT 0x4
                  0x0028a4          0x2 SHORT 0x0 ((DEFINED (__SPI2ErrInterrupt)?ABSOLUTE (__SPI2ErrInterrupt):ABSOLUTE (__DefaultInterrupt) >> 0x10) & 0x7f)
                  0x0028a5          0x2 SHORT 0x0
                  0x0028a6          0x2 SHORT 0x2cd2 DEFINED (__SPI2Interrupt)?ABSOLUTE (__SPI2Interrupt):ABSOLUTE (__DefaultInterrupt)
                  0x0028a7          0x2 SHORT 0x4
                  0x0028a8          0x2 SHORT 0x0 ((DEFINED (__SPI2Interrupt)?ABSOLUTE (__SPI2Interrupt):ABSOLUTE (__DefaultInterrupt) >> 0x10) & 0x7f)
                  0x0028a9          0x2 SHORT 0x0
                  0x0028aa          0x2 SHORT 0x2cd2 DEFINED (__C1RxRdyInterrupt)?ABSOLUTE (__C1RxRdyInterrupt):ABSOLUTE (__DefaultInterrupt)
                  0x0028ab          0x2 SHORT 0x4
                  0x0028ac          0x2 SHORT 0x0 ((DEFINED (__C1RxRdyInterrupt)?ABSOLUTE (__C1RxRdyInterrupt):ABSOLUTE (__DefaultInterrupt) >> 0x10) & 0x7f)
                  0x0028ad          0x2 SHORT 0x0
                  0x0028ae          0x2 SHORT 0x2cd2 DEFINED (__C1Interrupt)?ABSOLUTE (__C1Interrupt):ABSOLUTE (__DefaultInterrupt)
                  0x0028af          0x2 SHORT 0x4
                  0x0028b0          0x2 SHORT 0x0 ((DEFINED (__C1Interrupt)?ABSOLUTE (__C1Interrupt):ABSOLUTE (__DefaultInterrupt) >> 0x10) & 0x7f)
                  0x0028b1          0x2 SHORT 0x0
                  0x0028b2          0x2 SHORT 0x2cd2 DEFINED (__DMA3Interrupt)?ABSOLUTE (__DMA3Interrupt):ABSOLUTE (__DefaultInterrupt)
                  0x0028b3          0x2 SHORT 0x4
                  0x0028b4          0x2 SHORT 0x0 ((DEFINED (__DMA3Interrupt)?ABSOLUTE (__DMA3Interrupt):ABSOLUTE (__DefaultInterrupt) >> 0x10) & 0x7f)
                  0x0028b5          0x2 SHORT 0x0
                  0x0028b6          0x2 SHORT 0x2cd2 DEFINED (__IC3Interrupt)?ABSOLUTE (__IC3Interrupt):ABSOLUTE (__DefaultInterrupt)
                  0x0028b7          0x2 SHORT 0x4
                  0x0028b8          0x2 SHORT 0x0 ((DEFINED (__IC3Interrupt)?ABSOLUTE (__IC3Interrupt):ABSOLUTE (__DefaultInterrupt) >> 0x10) & 0x7f)
                  0x0028b9          0x2 SHORT 0x0
                  0x0028ba          0x2 SHORT 0x2cd2 DEFINED (__IC4Interrupt)?ABSOLUTE (__IC4Interrupt):ABSOLUTE (__DefaultInterrupt)
                  0x0028bb          0x2 SHORT 0x4
                  0x0028bc          0x2 SHORT 0x0 ((DEFINED (__IC4Interrupt)?ABSOLUTE (__IC4Interrupt):ABSOLUTE (__DefaultInterrupt) >> 0x10) & 0x7f)
                  0x0028bd          0x2 SHORT 0x0
                  0x0028be          0x2 SHORT 0x2cd2 DEFINED (__Interrupt39)?ABSOLUTE (__Interrupt39):ABSOLUTE (__DefaultInterrupt)
                  0x0028bf          0x2 SHORT 0x4
                  0x0028c0          0x2 SHORT 0x0 ((DEFINED (__Interrupt39)?ABSOLUTE (__Interrupt39):ABSOLUTE (__DefaultInterrupt) >> 0x10) & 0x7f)
                  0x0028c1          0x2 SHORT 0x0
                  0x0028c2          0x2 SHORT 0x2cd2 DEFINED (__Interrupt40)?ABSOLUTE (__Interrupt40):ABSOLUTE (__DefaultInterrupt)
                  0x0028c3          0x2 SHORT 0x4
                  0x0028c4          0x2 SHORT 0x0 ((DEFINED (__Interrupt40)?ABSOLUTE (__Interrupt40):ABSOLUTE (__DefaultInterrupt) >> 0x10) & 0x7f)
                  0x0028c5          0x2 SHORT 0x0
                  0x0028c6          0x2 SHORT 0x2cd2 DEFINED (__Interrupt41)?ABSOLUTE (__Interrupt41):ABSOLUTE (__DefaultInterrupt)
                  0x0028c7          0x2 SHORT 0x4
                  0x0028c8          0x2 SHORT 0x0 ((DEFINED (__Interrupt41)?ABSOLUTE (__Interrupt41):ABSOLUTE (__DefaultInterrupt) >> 0x10) & 0x7f)
                  0x0028c9          0x2 SHORT 0x0
                  0x0028ca          0x2 SHORT 0x2cd2 DEFINED (__Interrupt42)?ABSOLUTE (__Interrupt42):ABSOLUTE (__DefaultInterrupt)
                  0x0028cb          0x2 SHORT 0x4
                  0x0028cc          0x2 SHORT 0x0 ((DEFINED (__Interrupt42)?ABSOLUTE (__Interrupt42):ABSOLUTE (__DefaultInterrupt) >> 0x10) & 0x7f)
                  0x0028cd          0x2 SHORT 0x0
                  0x0028ce          0x2 SHORT 0x2cd2 DEFINED (__Interrupt43)?ABSOLUTE (__Interrupt43):ABSOLUTE (__DefaultInterrupt)
                  0x0028cf          0x2 SHORT 0x4
                  0x0028d0          0x2 SHORT 0x0 ((DEFINED (__Interrupt43)?ABSOLUTE (__Interrupt43):ABSOLUTE (__DefaultInterrupt) >> 0x10) & 0x7f)
                  0x0028d1          0x2 SHORT 0x0
                  0x0028d2          0x2 SHORT 0x2cd2 DEFINED (__Interrupt44)?ABSOLUTE (__Interrupt44):ABSOLUTE (__DefaultInterrupt)
                  0x0028d3          0x2 SHORT 0x4
                  0x0028d4          0x2 SHORT 0x0 ((DEFINED (__Interrupt44)?ABSOLUTE (__Interrupt44):ABSOLUTE (__DefaultInterrupt) >> 0x10) & 0x7f)
                  0x0028d5          0x2 SHORT 0x0
                  0x0028d6          0x2 SHORT 0x2cd2 DEFINED (__Interrupt45)?ABSOLUTE (__Interrupt45):ABSOLUTE (__DefaultInterrupt)
                  0x0028d7          0x2 SHORT 0x4
                  0x0028d8          0x2 SHORT 0x0 ((DEFINED (__Interrupt45)?ABSOLUTE (__Interrupt45):ABSOLUTE (__DefaultInterrupt) >> 0x10) & 0x7f)
                  0x0028d9          0x2 SHORT 0x0
                  0x0028da          0x2 SHORT 0x2cd2 DEFINED (__Interrupt46)?ABSOLUTE (__Interrupt46):ABSOLUTE (__DefaultInterrupt)
                  0x0028db          0x2 SHORT 0x4
                  0x0028dc          0x2 SHORT 0x0 ((DEFINED (__Interrupt46)?ABSOLUTE (__Interrupt46):ABSOLUTE (__DefaultInterrupt) >> 0x10) & 0x7f)
                  0x0028dd          0x2 SHORT 0x0
                  0x0028de          0x2 SHORT 0x2cd2 DEFINED (__Interrupt47)?ABSOLUTE (__Interrupt47):ABSOLUTE (__DefaultInterrupt)
                  0x0028df          0x2 SHORT 0x4
                  0x0028e0          0x2 SHORT 0x0 ((DEFINED (__Interrupt47)?ABSOLUTE (__Interrupt47):ABSOLUTE (__DefaultInterrupt) >> 0x10) & 0x7f)
                  0x0028e1          0x2 SHORT 0x0
                  0x0028e2          0x2 SHORT 0x2cd2 DEFINED (__Interrupt48)?ABSOLUTE (__Interrupt48):ABSOLUTE (__DefaultInterrupt)
                  0x0028e3          0x2 SHORT 0x4
                  0x0028e4          0x2 SHORT 0x0 ((DEFINED (__Interrupt48)?ABSOLUTE (__Interrupt48):ABSOLUTE (__DefaultInterrupt) >> 0x10) & 0x7f)
                  0x0028e5          0x2 SHORT 0x0
                  0x0028e6          0x2 SHORT 0x2cd2 DEFINED (__SI2C2Interrupt)?ABSOLUTE (__SI2C2Interrupt):ABSOLUTE (__DefaultInterrupt)
                  0x0028e7          0x2 SHORT 0x4
                  0x0028e8          0x2 SHORT 0x0 ((DEFINED (__SI2C2Interrupt)?ABSOLUTE (__SI2C2Interrupt):ABSOLUTE (__DefaultInterrupt) >> 0x10) & 0x7f)
                  0x0028e9          0x2 SHORT 0x0
                  0x0028ea          0x2 SHORT 0x2cd2 DEFINED (__MI2C2Interrupt)?ABSOLUTE (__MI2C2Interrupt):ABSOLUTE (__DefaultInterrupt)
                  0x0028eb          0x2 SHORT 0x4
                  0x0028ec          0x2 SHORT 0x0 ((DEFINED (__MI2C2Interrupt)?ABSOLUTE (__MI2C2Interrupt):ABSOLUTE (__DefaultInterrupt) >> 0x10) & 0x7f)
                  0x0028ed          0x2 SHORT 0x0
                  0x0028ee          0x2 SHORT 0x2cd2 DEFINED (__Interrupt51)?ABSOLUTE (__Interrupt51):ABSOLUTE (__DefaultInterrupt)
                  0x0028ef          0x2 SHORT 0x4
                  0x0028f0          0x2 SHORT 0x0 ((DEFINED (__Interrupt51)?ABSOLUTE (__Interrupt51):ABSOLUTE (__DefaultInterrupt) >> 0x10) & 0x7f)
                  0x0028f1          0x2 SHORT 0x0
                  0x0028f2          0x2 SHORT 0x2cd2 DEFINED (__Interrupt52)?ABSOLUTE (__Interrupt52):ABSOLUTE (__DefaultInterrupt)
                  0x0028f3          0x2 SHORT 0x4
                  0x0028f4          0x2 SHORT 0x0 ((DEFINED (__Interrupt52)?ABSOLUTE (__Interrupt52):ABSOLUTE (__DefaultInterrupt) >> 0x10) & 0x7f)
                  0x0028f5          0x2 SHORT 0x0
                  0x0028f6          0x2 SHORT 0x2cd2 DEFINED (__Interrupt53)?ABSOLUTE (__Interrupt53):ABSOLUTE (__DefaultInterrupt)
                  0x0028f7          0x2 SHORT 0x4
                  0x0028f8          0x2 SHORT 0x0 ((DEFINED (__Interrupt53)?ABSOLUTE (__Interrupt53):ABSOLUTE (__DefaultInterrupt) >> 0x10) & 0x7f)
                  0x0028f9          0x2 SHORT 0x0
                  0x0028fa          0x2 SHORT 0x2cd2 DEFINED (__Interrupt54)?ABSOLUTE (__Interrupt54):ABSOLUTE (__DefaultInterrupt)
                  0x0028fb          0x2 SHORT 0x4
                  0x0028fc          0x2 SHORT 0x0 ((DEFINED (__Interrupt54)?ABSOLUTE (__Interrupt54):ABSOLUTE (__DefaultInterrupt) >> 0x10) & 0x7f)
                  0x0028fd          0x2 SHORT 0x0
                  0x0028fe          0x2 SHORT 0x2cd2 DEFINED (__Interrupt55)?ABSOLUTE (__Interrupt55):ABSOLUTE (__DefaultInterrupt)
                  0x0028ff          0x2 SHORT 0x4
                  0x002900          0x2 SHORT 0x0 ((DEFINED (__Interrupt55)?ABSOLUTE (__Interrupt55):ABSOLUTE (__DefaultInterrupt) >> 0x10) & 0x7f)
                  0x002901          0x2 SHORT 0x0
                  0x002902          0x2 SHORT 0x2cd2 DEFINED (__Interrupt56)?ABSOLUTE (__Interrupt56):ABSOLUTE (__DefaultInterrupt)
                  0x002903          0x2 SHORT 0x4
                  0x002904          0x2 SHORT 0x0 ((DEFINED (__Interrupt56)?ABSOLUTE (__Interrupt56):ABSOLUTE (__DefaultInterrupt) >> 0x10) & 0x7f)
                  0x002905          0x2 SHORT 0x0
                  0x002906          0x2 SHORT 0x2cd2 DEFINED (__Interrupt57)?ABSOLUTE (__Interrupt57):ABSOLUTE (__DefaultInterrupt)
                  0x002907          0x2 SHORT 0x4
                  0x002908          0x2 SHORT 0x0 ((DEFINED (__Interrupt57)?ABSOLUTE (__Interrupt57):ABSOLUTE (__DefaultInterrupt) >> 0x10) & 0x7f)
                  0x002909          0x2 SHORT 0x0
                  0x00290a          0x2 SHORT 0x2cd2 DEFINED (__Interrupt58)?ABSOLUTE (__Interrupt58):ABSOLUTE (__DefaultInterrupt)
                  0x00290b          0x2 SHORT 0x4
                  0x00290c          0x2 SHORT 0x0 ((DEFINED (__Interrupt58)?ABSOLUTE (__Interrupt58):ABSOLUTE (__DefaultInterrupt) >> 0x10) & 0x7f)
                  0x00290d          0x2 SHORT 0x0
                  0x00290e          0x2 SHORT 0x2cd2 DEFINED (__Interrupt59)?ABSOLUTE (__Interrupt59):ABSOLUTE (__DefaultInterrupt)
                  0x00290f          0x2 SHORT 0x4
                  0x002910          0x2 SHORT 0x0 ((DEFINED (__Interrupt59)?ABSOLUTE (__Interrupt59):ABSOLUTE (__DefaultInterrupt) >> 0x10) & 0x7f)
                  0x002911          0x2 SHORT 0x0
                  0x002912          0x2 SHORT 0x2cd2 DEFINED (__Interrupt60)?ABSOLUTE (__Interrupt60):ABSOLUTE (__DefaultInterrupt)
                  0x002913          0x2 SHORT 0x4
                  0x002914          0x2 SHORT 0x0 ((DEFINED (__Interrupt60)?ABSOLUTE (__Interrupt60):ABSOLUTE (__DefaultInterrupt) >> 0x10) & 0x7f)
                  0x002915          0x2 SHORT 0x0
                  0x002916          0x2 SHORT 0x2cd2 DEFINED (__Interrupt61)?ABSOLUTE (__Interrupt61):ABSOLUTE (__DefaultInterrupt)
                  0x002917          0x2 SHORT 0x4
                  0x002918          0x2 SHORT 0x0 ((DEFINED (__Interrupt61)?ABSOLUTE (__Interrupt61):ABSOLUTE (__DefaultInterrupt) >> 0x10) & 0x7f)
                  0x002919          0x2 SHORT 0x0
                  0x00291a          0x2 SHORT 0x2cd2 DEFINED (__Interrupt62)?ABSOLUTE (__Interrupt62):ABSOLUTE (__DefaultInterrupt)
                  0x00291b          0x2 SHORT 0x4
                  0x00291c          0x2 SHORT 0x0 ((DEFINED (__Interrupt62)?ABSOLUTE (__Interrupt62):ABSOLUTE (__DefaultInterrupt) >> 0x10) & 0x7f)
                  0x00291d          0x2 SHORT 0x0
                  0x00291e          0x2 SHORT 0x2cd2 DEFINED (__Interrupt63)?ABSOLUTE (__Interrupt63):ABSOLUTE (__DefaultInterrupt)
                  0x00291f          0x2 SHORT 0x4
                  0x002920          0x2 SHORT 0x0 ((DEFINED (__Interrupt63)?ABSOLUTE (__Interrupt63):ABSOLUTE (__DefaultInterrupt) >> 0x10) & 0x7f)
                  0x002921          0x2 SHORT 0x0
                  0x002922          0x2 SHORT 0x2cd2 DEFINED (__Interrupt64)?ABSOLUTE (__Interrupt64):ABSOLUTE (__DefaultInterrupt)
                  0x002923          0x2 SHORT 0x4
                  0x002924          0x2 SHORT 0x0 ((DEFINED (__Interrupt64)?ABSOLUTE (__Interrupt64):ABSOLUTE (__DefaultInterrupt) >> 0x10) & 0x7f)
                  0x002925          0x2 SHORT 0x0
                  0x002926          0x2 SHORT 0x2cd2 DEFINED (__U1ErrInterrupt)?ABSOLUTE (__U1ErrInterrupt):ABSOLUTE (__DefaultInterrupt)
                  0x002927          0x2 SHORT 0x4
                  0x002928          0x2 SHORT 0x0 ((DEFINED (__U1ErrInterrupt)?ABSOLUTE (__U1ErrInterrupt):ABSOLUTE (__DefaultInterrupt) >> 0x10) & 0x7f)
                  0x002929          0x2 SHORT 0x0
                  0x00292a          0x2 SHORT 0x2cd2 DEFINED (__U2ErrInterrupt)?ABSOLUTE (__U2ErrInterrupt):ABSOLUTE (__DefaultInterrupt)
                  0x00292b          0x2 SHORT 0x4
                  0x00292c          0x2 SHORT 0x0 ((DEFINED (__U2ErrInterrupt)?ABSOLUTE (__U2ErrInterrupt):ABSOLUTE (__DefaultInterrupt) >> 0x10) & 0x7f)
                  0x00292d          0x2 SHORT 0x0
                  0x00292e          0x2 SHORT 0x2cd2 DEFINED (__CRCInterrupt)?ABSOLUTE (__CRCInterrupt):ABSOLUTE (__DefaultInterrupt)
                  0x00292f          0x2 SHORT 0x4
                  0x002930          0x2 SHORT 0x0 ((DEFINED (__CRCInterrupt)?ABSOLUTE (__CRCInterrupt):ABSOLUTE (__DefaultInterrupt) >> 0x10) & 0x7f)
                  0x002931          0x2 SHORT 0x0
                  0x002932          0x2 SHORT 0x2cd2 DEFINED (__Interrupt68)?ABSOLUTE (__Interrupt68):ABSOLUTE (__DefaultInterrupt)
                  0x002933          0x2 SHORT 0x4
                  0x002934          0x2 SHORT 0x0 ((DEFINED (__Interrupt68)?ABSOLUTE (__Interrupt68):ABSOLUTE (__DefaultInterrupt) >> 0x10) & 0x7f)
                  0x002935          0x2 SHORT 0x0
                  0x002936          0x2 SHORT 0x2cd2 DEFINED (__Interrupt69)?ABSOLUTE (__Interrupt69):ABSOLUTE (__DefaultInterrupt)
                  0x002937          0x2 SHORT 0x4
                  0x002938          0x2 SHORT 0x0 ((DEFINED (__Interrupt69)?ABSOLUTE (__Interrupt69):ABSOLUTE (__DefaultInterrupt) >> 0x10) & 0x7f)
                  0x002939          0x2 SHORT 0x0
                  0x00293a          0x2 SHORT 0x2cd2 DEFINED (__C1TxReqInterrupt)?ABSOLUTE (__C1TxReqInterrupt):ABSOLUTE (__DefaultInterrupt)
                  0x00293b          0x2 SHORT 0x4
                  0x00293c          0x2 SHORT 0x0 ((DEFINED (__C1TxReqInterrupt)?ABSOLUTE (__C1TxReqInterrupt):ABSOLUTE (__DefaultInterrupt) >> 0x10) & 0x7f)
                  0x00293d          0x2 SHORT 0x0
                  0x00293e          0x2 SHORT 0x2cd2 DEFINED (__Interrupt71)?ABSOLUTE (__Interrupt71):ABSOLUTE (__DefaultInterrupt)
                  0x00293f          0x2 SHORT 0x4
                  0x002940          0x2 SHORT 0x0 ((DEFINED (__Interrupt71)?ABSOLUTE (__Interrupt71):ABSOLUTE (__DefaultInterrupt) >> 0x10) & 0x7f)
                  0x002941          0x2 SHORT 0x0
                  0x002942          0x2 SHORT 0x2cd2 DEFINED (__Interrupt72)?ABSOLUTE (__Interrupt72):ABSOLUTE (__DefaultInterrupt)
                  0x002943          0x2 SHORT 0x4
                  0x002944          0x2 SHORT 0x0 ((DEFINED (__Interrupt72)?ABSOLUTE (__Interrupt72):ABSOLUTE (__DefaultInterrupt) >> 0x10) & 0x7f)
                  0x002945          0x2 SHORT 0x0
                  0x002946          0x2 SHORT 0x2cd2 DEFINED (__Interrupt73)?ABSOLUTE (__Interrupt73):ABSOLUTE (__DefaultInterrupt)
                  0x002947          0x2 SHORT 0x4
                  0x002948          0x2 SHORT 0x0 ((DEFINED (__Interrupt73)?ABSOLUTE (__Interrupt73):ABSOLUTE (__DefaultInterrupt) >> 0x10) & 0x7f)
                  0x002949          0x2 SHORT 0x0
                  0x00294a          0x2 SHORT 0x2cd2 DEFINED (__Interrupt74)?ABSOLUTE (__Interrupt74):ABSOLUTE (__DefaultInterrupt)
                  0x00294b          0x2 SHORT 0x4
                  0x00294c          0x2 SHORT 0x0 ((DEFINED (__Interrupt74)?ABSOLUTE (__Interrupt74):ABSOLUTE (__DefaultInterrupt) >> 0x10) & 0x7f)
                  0x00294d          0x2 SHORT 0x0
                  0x00294e          0x2 SHORT 0x2cd2 DEFINED (__Interrupt75)?ABSOLUTE (__Interrupt75):ABSOLUTE (__DefaultInterrupt)
                  0x00294f          0x2 SHORT 0x4
                  0x002950          0x2 SHORT 0x0 ((DEFINED (__Interrupt75)?ABSOLUTE (__Interrupt75):ABSOLUTE (__DefaultInterrupt) >> 0x10) & 0x7f)
                  0x002951          0x2 SHORT 0x0
                  0x002952          0x2 SHORT 0x2cd2 DEFINED (__Interrupt76)?ABSOLUTE (__Interrupt76):ABSOLUTE (__DefaultInterrupt)
                  0x002953          0x2 SHORT 0x4
                  0x002954          0x2 SHORT 0x0 ((DEFINED (__Interrupt76)?ABSOLUTE (__Interrupt76):ABSOLUTE (__DefaultInterrupt) >> 0x10) & 0x7f)
                  0x002955          0x2 SHORT 0x0
                  0x002956          0x2 SHORT 0x2cd2 DEFINED (__CTMUInterrupt)?ABSOLUTE (__CTMUInterrupt):ABSOLUTE (__DefaultInterrupt)
                  0x002957          0x2 SHORT 0x4
                  0x002958          0x2 SHORT 0x0 ((DEFINED (__CTMUInterrupt)?ABSOLUTE (__CTMUInterrupt):ABSOLUTE (__DefaultInterrupt) >> 0x10) & 0x7f)
                  0x002959          0x2 SHORT 0x0
                  0x00295a          0x2 SHORT 0x2cd2 DEFINED (__Interrupt78)?ABSOLUTE (__Interrupt78):ABSOLUTE (__DefaultInterrupt)
                  0x00295b          0x2 SHORT 0x4
                  0x00295c          0x2 SHORT 0x0 ((DEFINED (__Interrupt78)?ABSOLUTE (__Interrupt78):ABSOLUTE (__DefaultInterrupt) >> 0x10) & 0x7f)
                  0x00295d          0x2 SHORT 0x0
                  0x00295e          0x2 SHORT 0x2cd2 DEFINED (__Interrupt79)?ABSOLUTE (__Interrupt79):ABSOLUTE (__DefaultInterrupt)
                  0x00295f          0x2 SHORT 0x4
                  0x002960          0x2 SHORT 0x0 ((DEFINED (__Interrupt79)?ABSOLUTE (__Interrupt79):ABSOLUTE (__DefaultInterrupt) >> 0x10) & 0x7f)
                  0x002961          0x2 SHORT 0x0
                  0x002962          0x2 SHORT 0x2cd2 DEFINED (__Interrupt80)?ABSOLUTE (__Interrupt80):ABSOLUTE (__DefaultInterrupt)
                  0x002963          0x2 SHORT 0x4
                  0x002964          0x2 SHORT 0x0 ((DEFINED (__Interrupt80)?ABSOLUTE (__Interrupt80):ABSOLUTE (__DefaultInterrupt) >> 0x10) & 0x7f)
                  0x002965          0x2 SHORT 0x0
                  0x002966          0x2 SHORT 0x2cd2 DEFINED (__Interrupt81)?ABSOLUTE (__Interrupt81):ABSOLUTE (__DefaultInterrupt)
                  0x002967          0x2 SHORT 0x4
                  0x002968          0x2 SHORT 0x0 ((DEFINED (__Interrupt81)?ABSOLUTE (__Interrupt81):ABSOLUTE (__DefaultInterrupt) >> 0x10) & 0x7f)
                  0x002969          0x2 SHORT 0x0
                  0x00296a          0x2 SHORT 0x2cd2 DEFINED (__Interrupt82)?ABSOLUTE (__Interrupt82):ABSOLUTE (__DefaultInterrupt)
                  0x00296b          0x2 SHORT 0x4
                  0x00296c          0x2 SHORT 0x0 ((DEFINED (__Interrupt82)?ABSOLUTE (__Interrupt82):ABSOLUTE (__DefaultInterrupt) >> 0x10) & 0x7f)
                  0x00296d          0x2 SHORT 0x0
                  0x00296e          0x2 SHORT 0x2cd2 DEFINED (__Interrupt83)?ABSOLUTE (__Interrupt83):ABSOLUTE (__DefaultInterrupt)
                  0x00296f          0x2 SHORT 0x4
                  0x002970          0x2 SHORT 0x0 ((DEFINED (__Interrupt83)?ABSOLUTE (__Interrupt83):ABSOLUTE (__DefaultInterrupt) >> 0x10) & 0x7f)
                  0x002971          0x2 SHORT 0x0
                  0x002972          0x2 SHORT 0x2cd2 DEFINED (__Interrupt84)?ABSOLUTE (__Interrupt84):ABSOLUTE (__DefaultInterrupt)
                  0x002973          0x2 SHORT 0x4
                  0x002974          0x2 SHORT 0x0 ((DEFINED (__Interrupt84)?ABSOLUTE (__Interrupt84):ABSOLUTE (__DefaultInterrupt) >> 0x10) & 0x7f)
                  0x002975          0x2 SHORT 0x0
                  0x002976          0x2 SHORT 0x2cd2 DEFINED (__Interrupt85)?ABSOLUTE (__Interrupt85):ABSOLUTE (__DefaultInterrupt)
                  0x002977          0x2 SHORT 0x4
                  0x002978          0x2 SHORT 0x0 ((DEFINED (__Interrupt85)?ABSOLUTE (__Interrupt85):ABSOLUTE (__DefaultInterrupt) >> 0x10) & 0x7f)
                  0x002979          0x2 SHORT 0x0
                  0x00297a          0x2 SHORT 0x2cd2 DEFINED (__Interrupt86)?ABSOLUTE (__Interrupt86):ABSOLUTE (__DefaultInterrupt)
                  0x00297b          0x2 SHORT 0x4
                  0x00297c          0x2 SHORT 0x0 ((DEFINED (__Interrupt86)?ABSOLUTE (__Interrupt86):ABSOLUTE (__DefaultInterrupt) >> 0x10) & 0x7f)
                  0x00297d          0x2 SHORT 0x0
                  0x00297e          0x2 SHORT 0x2cd2 DEFINED (__Interrupt87)?ABSOLUTE (__Interrupt87):ABSOLUTE (__DefaultInterrupt)
                  0x00297f          0x2 SHORT 0x4
                  0x002980          0x2 SHORT 0x0 ((DEFINED (__Interrupt87)?ABSOLUTE (__Interrupt87):ABSOLUTE (__DefaultInterrupt) >> 0x10) & 0x7f)
                  0x002981          0x2 SHORT 0x0
                  0x002982          0x2 SHORT 0x2cd2 DEFINED (__Interrupt88)?ABSOLUTE (__Interrupt88):ABSOLUTE (__DefaultInterrupt)
                  0x002983          0x2 SHORT 0x4
                  0x002984          0x2 SHORT 0x0 ((DEFINED (__Interrupt88)?ABSOLUTE (__Interrupt88):ABSOLUTE (__DefaultInterrupt) >> 0x10) & 0x7f)
                  0x002985          0x2 SHORT 0x0
                  0x002986          0x2 SHORT 0x2cd2 DEFINED (__Interrupt89)?ABSOLUTE (__Interrupt89):ABSOLUTE (__DefaultInterrupt)
                  0x002987          0x2 SHORT 0x4
                  0x002988          0x2 SHORT 0x0 ((DEFINED (__Interrupt89)?ABSOLUTE (__Interrupt89):ABSOLUTE (__DefaultInterrupt) >> 0x10) & 0x7f)
                  0x002989          0x2 SHORT 0x0
                  0x00298a          0x2 SHORT 0x2cd2 DEFINED (__Interrupt90)?ABSOLUTE (__Interrupt90):ABSOLUTE (__DefaultInterrupt)
                  0x00298b          0x2 SHORT 0x4
                  0x00298c          0x2 SHORT 0x0 ((DEFINED (__Interrupt90)?ABSOLUTE (__Interrupt90):ABSOLUTE (__DefaultInterrupt) >> 0x10) & 0x7f)
                  0x00298d          0x2 SHORT 0x0
                  0x00298e          0x2 SHORT 0x2cd2 DEFINED (__Interrupt91)?ABSOLUTE (__Interrupt91):ABSOLUTE (__DefaultInterrupt)
                  0x00298f          0x2 SHORT 0x4
                  0x002990          0x2 SHORT 0x0 ((DEFINED (__Interrupt91)?ABSOLUTE (__Interrupt91):ABSOLUTE (__DefaultInterrupt) >> 0x10) & 0x7f)
                  0x002991          0x2 SHORT 0x0
                  0x002992          0x2 SHORT 0x2cd2 DEFINED (__Interrupt92)?ABSOLUTE (__Interrupt92):ABSOLUTE (__DefaultInterrupt)
                  0x002993          0x2 SHORT 0x4
                  0x002994          0x2 SHORT 0x0 ((DEFINED (__Interrupt92)?ABSOLUTE (__Interrupt92):ABSOLUTE (__DefaultInterrupt) >> 0x10) & 0x7f)
                  0x002995          0x2 SHORT 0x0
                  0x002996          0x2 SHORT 0x2cd2 DEFINED (__Interrupt93)?ABSOLUTE (__Interrupt93):ABSOLUTE (__DefaultInterrupt)
                  0x002997          0x2 SHORT 0x4
                  0x002998          0x2 SHORT 0x0 ((DEFINED (__Interrupt93)?ABSOLUTE (__Interrupt93):ABSOLUTE (__DefaultInterrupt) >> 0x10) & 0x7f)
                  0x002999          0x2 SHORT 0x0
                  0x00299a          0x2 SHORT 0x2cd2 DEFINED (__Interrupt94)?ABSOLUTE (__Interrupt94):ABSOLUTE (__DefaultInterrupt)
                  0x00299b          0x2 SHORT 0x4
                  0x00299c          0x2 SHORT 0x0 ((DEFINED (__Interrupt94)?ABSOLUTE (__Interrupt94):ABSOLUTE (__DefaultInterrupt) >> 0x10) & 0x7f)
                  0x00299d          0x2 SHORT 0x0
                  0x00299e          0x2 SHORT 0x2cd2 DEFINED (__Interrupt95)?ABSOLUTE (__Interrupt95):ABSOLUTE (__DefaultInterrupt)
                  0x00299f          0x2 SHORT 0x4
                  0x0029a0          0x2 SHORT 0x0 ((DEFINED (__Interrupt95)?ABSOLUTE (__Interrupt95):ABSOLUTE (__DefaultInterrupt) >> 0x10) & 0x7f)
                  0x0029a1          0x2 SHORT 0x0
                  0x0029a2          0x2 SHORT 0x2cd2 DEFINED (__Interrupt96)?ABSOLUTE (__Interrupt96):ABSOLUTE (__DefaultInterrupt)
                  0x0029a3          0x2 SHORT 0x4
                  0x0029a4          0x2 SHORT 0x0 ((DEFINED (__Interrupt96)?ABSOLUTE (__Interrupt96):ABSOLUTE (__DefaultInterrupt) >> 0x10) & 0x7f)
                  0x0029a5          0x2 SHORT 0x0
                  0x0029a6          0x2 SHORT 0x2cd2 DEFINED (__Interrupt97)?ABSOLUTE (__Interrupt97):ABSOLUTE (__DefaultInterrupt)
                  0x0029a7          0x2 SHORT 0x4
                  0x0029a8          0x2 SHORT 0x0 ((DEFINED (__Interrupt97)?ABSOLUTE (__Interrupt97):ABSOLUTE (__DefaultInterrupt) >> 0x10) & 0x7f)
                  0x0029a9          0x2 SHORT 0x0
                  0x0029aa          0x2 SHORT 0x2cd2 DEFINED (__Interrupt98)?ABSOLUTE (__Interrupt98):ABSOLUTE (__DefaultInterrupt)
                  0x0029ab          0x2 SHORT 0x4
                  0x0029ac          0x2 SHORT 0x0 ((DEFINED (__Interrupt98)?ABSOLUTE (__Interrupt98):ABSOLUTE (__DefaultInterrupt) >> 0x10) & 0x7f)
                  0x0029ad          0x2 SHORT 0x0
                  0x0029ae          0x2 SHORT 0x2cd2 DEFINED (__Interrupt99)?ABSOLUTE (__Interrupt99):ABSOLUTE (__DefaultInterrupt)
                  0x0029af          0x2 SHORT 0x4
                  0x0029b0          0x2 SHORT 0x0 ((DEFINED (__Interrupt99)?ABSOLUTE (__Interrupt99):ABSOLUTE (__DefaultInterrupt) >> 0x10) & 0x7f)
                  0x0029b1          0x2 SHORT 0x0
                  0x0029b2          0x2 SHORT 0x2cd2 DEFINED (__Interrupt100)?ABSOLUTE (__Interrupt100):ABSOLUTE (__DefaultInterrupt)
                  0x0029b3          0x2 SHORT 0x4
                  0x0029b4          0x2 SHORT 0x0 ((DEFINED (__Interrupt100)?ABSOLUTE (__Interrupt100):ABSOLUTE (__DefaultInterrupt) >> 0x10) & 0x7f)
                  0x0029b5          0x2 SHORT 0x0
                  0x0029b6          0x2 SHORT 0x2cd2 DEFINED (__Interrupt101)?ABSOLUTE (__Interrupt101):ABSOLUTE (__DefaultInterrupt)
                  0x0029b7          0x2 SHORT 0x4
                  0x0029b8          0x2 SHORT 0x0 ((DEFINED (__Interrupt101)?ABSOLUTE (__Interrupt101):ABSOLUTE (__DefaultInterrupt) >> 0x10) & 0x7f)
                  0x0029b9          0x2 SHORT 0x0
                  0x0029ba          0x2 SHORT 0x2cd2 DEFINED (__Interrupt102)?ABSOLUTE (__Interrupt102):ABSOLUTE (__DefaultInterrupt)
                  0x0029bb          0x2 SHORT 0x4
                  0x0029bc          0x2 SHORT 0x0 ((DEFINED (__Interrupt102)?ABSOLUTE (__Interrupt102):ABSOLUTE (__DefaultInterrupt) >> 0x10) & 0x7f)
                  0x0029bd          0x2 SHORT 0x0
                  0x0029be          0x2 SHORT 0x2cd2 DEFINED (__Interrupt103)?ABSOLUTE (__Interrupt103):ABSOLUTE (__DefaultInterrupt)
                  0x0029bf          0x2 SHORT 0x4
                  0x0029c0          0x2 SHORT 0x0 ((DEFINED (__Interrupt103)?ABSOLUTE (__Interrupt103):ABSOLUTE (__DefaultInterrupt) >> 0x10) & 0x7f)
                  0x0029c1          0x2 SHORT 0x0
                  0x0029c2          0x2 SHORT 0x2cd2 DEFINED (__Interrupt104)?ABSOLUTE (__Interrupt104):ABSOLUTE (__DefaultInterrupt)
                  0x0029c3          0x2 SHORT 0x4
                  0x0029c4          0x2 SHORT 0x0 ((DEFINED (__Interrupt104)?ABSOLUTE (__Interrupt104):ABSOLUTE (__DefaultInterrupt) >> 0x10) & 0x7f)
                  0x0029c5          0x2 SHORT 0x0
                  0x0029c6          0x2 SHORT 0x2cd2 DEFINED (__Interrupt105)?ABSOLUTE (__Interrupt105):ABSOLUTE (__DefaultInterrupt)
                  0x0029c7          0x2 SHORT 0x4
                  0x0029c8          0x2 SHORT 0x0 ((DEFINED (__Interrupt105)?ABSOLUTE (__Interrupt105):ABSOLUTE (__DefaultInterrupt) >> 0x10) & 0x7f)
                  0x0029c9          0x2 SHORT 0x0
                  0x0029ca          0x2 SHORT 0x2cd2 DEFINED (__Interrupt106)?ABSOLUTE (__Interrupt106):ABSOLUTE (__DefaultInterrupt)
                  0x0029cb          0x2 SHORT 0x4
                  0x0029cc          0x2 SHORT 0x0 ((DEFINED (__Interrupt106)?ABSOLUTE (__Interrupt106):ABSOLUTE (__DefaultInterrupt) >> 0x10) & 0x7f)
                  0x0029cd          0x2 SHORT 0x0
                  0x0029ce          0x2 SHORT 0x2cd2 DEFINED (__Interrupt107)?ABSOLUTE (__Interrupt107):ABSOLUTE (__DefaultInterrupt)
                  0x0029cf          0x2 SHORT 0x4
                  0x0029d0          0x2 SHORT 0x0 ((DEFINED (__Interrupt107)?ABSOLUTE (__Interrupt107):ABSOLUTE (__DefaultInterrupt) >> 0x10) & 0x7f)
                  0x0029d1          0x2 SHORT 0x0
                  0x0029d2          0x2 SHORT 0x2cd2 DEFINED (__Interrupt108)?ABSOLUTE (__Interrupt108):ABSOLUTE (__DefaultInterrupt)
                  0x0029d3          0x2 SHORT 0x4
                  0x0029d4          0x2 SHORT 0x0 ((DEFINED (__Interrupt108)?ABSOLUTE (__Interrupt108):ABSOLUTE (__DefaultInterrupt) >> 0x10) & 0x7f)
                  0x0029d5          0x2 SHORT 0x0
                  0x0029d6          0x2 SHORT 0x2cd2 DEFINED (__Interrupt109)?ABSOLUTE (__Interrupt109):ABSOLUTE (__DefaultInterrupt)
                  0x0029d7          0x2 SHORT 0x4
                  0x0029d8          0x2 SHORT 0x0 ((DEFINED (__Interrupt109)?ABSOLUTE (__Interrupt109):ABSOLUTE (__DefaultInterrupt) >> 0x10) & 0x7f)
                  0x0029d9          0x2 SHORT 0x0
                  0x0029da          0x2 SHORT 0x2cd2 DEFINED (__Interrupt110)?ABSOLUTE (__Interrupt110):ABSOLUTE (__DefaultInterrupt)
                  0x0029db          0x2 SHORT 0x4
                  0x0029dc          0x2 SHORT 0x0 ((DEFINED (__Interrupt110)?ABSOLUTE (__Interrupt110):ABSOLUTE (__DefaultInterrupt) >> 0x10) & 0x7f)
                  0x0029dd          0x2 SHORT 0x0
                  0x0029de          0x2 SHORT 0x2cd2 DEFINED (__Interrupt111)?ABSOLUTE (__Interrupt111):ABSOLUTE (__DefaultInterrupt)
                  0x0029df          0x2 SHORT 0x4
                  0x0029e0          0x2 SHORT 0x0 ((DEFINED (__Interrupt111)?ABSOLUTE (__Interrupt111):ABSOLUTE (__DefaultInterrupt) >> 0x10) & 0x7f)
                  0x0029e1          0x2 SHORT 0x0
                  0x0029e2          0x2 SHORT 0x2cd2 DEFINED (__Interrupt112)?ABSOLUTE (__Interrupt112):ABSOLUTE (__DefaultInterrupt)
                  0x0029e3          0x2 SHORT 0x4
                  0x0029e4          0x2 SHORT 0x0 ((DEFINED (__Interrupt112)?ABSOLUTE (__Interrupt112):ABSOLUTE (__DefaultInterrupt) >> 0x10) & 0x7f)
                  0x0029e5          0x2 SHORT 0x0
                  0x0029e6          0x2 SHORT 0x2cd2 DEFINED (__Interrupt113)?ABSOLUTE (__Interrupt113):ABSOLUTE (__DefaultInterrupt)
                  0x0029e7          0x2 SHORT 0x4
                  0x0029e8          0x2 SHORT 0x0 ((DEFINED (__Interrupt113)?ABSOLUTE (__Interrupt113):ABSOLUTE (__DefaultInterrupt) >> 0x10) & 0x7f)
                  0x0029e9          0x2 SHORT 0x0
                  0x0029ea          0x2 SHORT 0x2cd2 DEFINED (__Interrupt114)?ABSOLUTE (__Interrupt114):ABSOLUTE (__DefaultInterrupt)
                  0x0029eb          0x2 SHORT 0x4
                  0x0029ec          0x2 SHORT 0x0 ((DEFINED (__Interrupt114)?ABSOLUTE (__Interrupt114):ABSOLUTE (__DefaultInterrupt) >> 0x10) & 0x7f)
                  0x0029ed          0x2 SHORT 0x0
                  0x0029ee          0x2 SHORT 0x2cd2 DEFINED (__Interrupt115)?ABSOLUTE (__Interrupt115):ABSOLUTE (__DefaultInterrupt)
                  0x0029ef          0x2 SHORT 0x4
                  0x0029f0          0x2 SHORT 0x0 ((DEFINED (__Interrupt115)?ABSOLUTE (__Interrupt115):ABSOLUTE (__DefaultInterrupt) >> 0x10) & 0x7f)
                  0x0029f1          0x2 SHORT 0x0
                  0x0029f2          0x2 SHORT 0x2cd2 DEFINED (__Interrupt116)?ABSOLUTE (__Interrupt116):ABSOLUTE (__DefaultInterrupt)
                  0x0029f3          0x2 SHORT 0x4
                  0x0029f4          0x2 SHORT 0x0 ((DEFINED (__Interrupt116)?ABSOLUTE (__Interrupt116):ABSOLUTE (__DefaultInterrupt) >> 0x10) & 0x7f)
                  0x0029f5          0x2 SHORT 0x0
                  0x0029f6          0x2 SHORT 0x2cd2 DEFINED (__Interrupt117)?ABSOLUTE (__Interrupt117):ABSOLUTE (__DefaultInterrupt)
                  0x0029f7          0x2 SHORT 0x4
                  0x0029f8          0x2 SHORT 0x0 ((DEFINED (__Interrupt117)?ABSOLUTE (__Interrupt117):ABSOLUTE (__DefaultInterrupt) >> 0x10) & 0x7f)
                  0x0029f9          0x2 SHORT 0x0
                  0x0029fa          0x2 SHORT 0x2cd2 DEFINED (__Interrupt118)?ABSOLUTE (__Interrupt118):ABSOLUTE (__DefaultInterrupt)
                  0x0029fb          0x2 SHORT 0x4
                  0x0029fc          0x2 SHORT 0x0 ((DEFINED (__Interrupt118)?ABSOLUTE (__Interrupt118):ABSOLUTE (__DefaultInterrupt) >> 0x10) & 0x7f)
                  0x0029fd          0x2 SHORT 0x0
                  0x0029fe          0x2 SHORT 0x2cd2 DEFINED (__Interrupt119)?ABSOLUTE (__Interrupt119):ABSOLUTE (__DefaultInterrupt)
                  0x0029ff          0x2 SHORT 0x4
                  0x002a00          0x2 SHORT 0x0 ((DEFINED (__Interrupt119)?ABSOLUTE (__Interrupt119):ABSOLUTE (__DefaultInterrupt) >> 0x10) & 0x7f)
                  0x002a01          0x2 SHORT 0x0
                  0x002a02          0x2 SHORT 0x2cd2 DEFINED (__Interrupt120)?ABSOLUTE (__Interrupt120):ABSOLUTE (__DefaultInterrupt)
                  0x002a03          0x2 SHORT 0x4
                  0x002a04          0x2 SHORT 0x0 ((DEFINED (__Interrupt120)?ABSOLUTE (__Interrupt120):ABSOLUTE (__DefaultInterrupt) >> 0x10) & 0x7f)
                  0x002a05          0x2 SHORT 0x0
                  0x002a06          0x2 SHORT 0x2cd2 DEFINED (__Interrupt121)?ABSOLUTE (__Interrupt121):ABSOLUTE (__DefaultInterrupt)
                  0x002a07          0x2 SHORT 0x4
                  0x002a08          0x2 SHORT 0x0 ((DEFINED (__Interrupt121)?ABSOLUTE (__Interrupt121):ABSOLUTE (__DefaultInterrupt) >> 0x10) & 0x7f)
                  0x002a09          0x2 SHORT 0x0
                  0x002a0a          0x2 SHORT 0x2cd2 DEFINED (__Interrupt122)?ABSOLUTE (__Interrupt122):ABSOLUTE (__DefaultInterrupt)
                  0x002a0b          0x2 SHORT 0x4
                  0x002a0c          0x2 SHORT 0x0 ((DEFINED (__Interrupt122)?ABSOLUTE (__Interrupt122):ABSOLUTE (__DefaultInterrupt) >> 0x10) & 0x7f)
                  0x002a0d          0x2 SHORT 0x0
                  0x002a0e          0x2 SHORT 0x2cd2 DEFINED (__Interrupt123)?ABSOLUTE (__Interrupt123):ABSOLUTE (__DefaultInterrupt)
                  0x002a0f          0x2 SHORT 0x4
                  0x002a10          0x2 SHORT 0x0 ((DEFINED (__Interrupt123)?ABSOLUTE (__Interrupt123):ABSOLUTE (__DefaultInterrupt) >> 0x10) & 0x7f)
                  0x002a11          0x2 SHORT 0x0
                  0x002a12          0x2 SHORT 0x2cd2 DEFINED (__Interrupt124)?ABSOLUTE (__Interrupt124):ABSOLUTE (__DefaultInterrupt)
                  0x002a13          0x2 SHORT 0x4
                  0x002a14          0x2 SHORT 0x0 ((DEFINED (__Interrupt124)?ABSOLUTE (__Interrupt124):ABSOLUTE (__DefaultInterrupt) >> 0x10) & 0x7f)
                  0x002a15          0x2 SHORT 0x0
                  0x002a16          0x2 SHORT 0x2cd2 DEFINED (__Interrupt125)?ABSOLUTE (__Interrupt125):ABSOLUTE (__DefaultInterrupt)
                  0x002a17          0x2 SHORT 0x4
                  0x002a18          0x2 SHORT 0x0 ((DEFINED (__Interrupt125)?ABSOLUTE (__Interrupt125):ABSOLUTE (__DefaultInterrupt) >> 0x10) & 0x7f)
                  0x002a19          0x2 SHORT 0x0
                  0x002a1a          0x2 SHORT 0x2cd2 DEFINED (__Interrupt126)?ABSOLUTE (__Interrupt126):ABSOLUTE (__DefaultInterrupt)
                  0x002a1b          0x2 SHORT 0x4
                  0x002a1c          0x2 SHORT 0x0 ((DEFINED (__Interrupt126)?ABSOLUTE (__Interrupt126):ABSOLUTE (__DefaultInterrupt) >> 0x10) & 0x7f)
                  0x002a1d          0x2 SHORT 0x0
                  0x002a1e          0x2 SHORT 0x2cd2 DEFINED (__Interrupt127)?ABSOLUTE (__Interrupt127):ABSOLUTE (__DefaultInterrupt)
                  0x002a1f          0x2 SHORT 0x4
                  0x002a20          0x2 SHORT 0x0 ((DEFINED (__Interrupt127)?ABSOLUTE (__Interrupt127):ABSOLUTE (__DefaultInterrupt) >> 0x10) & 0x7f)
                  0x002a21          0x2 SHORT 0x0
                  0x002a22          0x2 SHORT 0x2cd2 DEFINED (__Interrupt128)?ABSOLUTE (__Interrupt128):ABSOLUTE (__DefaultInterrupt)
                  0x002a23          0x2 SHORT 0x4
                  0x002a24          0x2 SHORT 0x0 ((DEFINED (__Interrupt128)?ABSOLUTE (__Interrupt128):ABSOLUTE (__DefaultInterrupt) >> 0x10) & 0x7f)
                  0x002a25          0x2 SHORT 0x0
                  0x002a26          0x2 SHORT 0x2cd2 DEFINED (__Interrupt129)?ABSOLUTE (__Interrupt129):ABSOLUTE (__DefaultInterrupt)
                  0x002a27          0x2 SHORT 0x4
                  0x002a28          0x2 SHORT 0x0 ((DEFINED (__Interrupt129)?ABSOLUTE (__Interrupt129):ABSOLUTE (__DefaultInterrupt) >> 0x10) & 0x7f)
                  0x002a29          0x2 SHORT 0x0
                  0x002a2a          0x2 SHORT 0x2cd2 DEFINED (__Interrupt130)?ABSOLUTE (__Interrupt130):ABSOLUTE (__DefaultInterrupt)
                  0x002a2b          0x2 SHORT 0x4
                  0x002a2c          0x2 SHORT 0x0 ((DEFINED (__Interrupt130)?ABSOLUTE (__Interrupt130):ABSOLUTE (__DefaultInterrupt) >> 0x10) & 0x7f)
                  0x002a2d          0x2 SHORT 0x0
                  0x002a2e          0x2 SHORT 0x2cd2 DEFINED (__Interrupt131)?ABSOLUTE (__Interrupt131):ABSOLUTE (__DefaultInterrupt)
                  0x002a2f          0x2 SHORT 0x4
                  0x002a30          0x2 SHORT 0x0 ((DEFINED (__Interrupt131)?ABSOLUTE (__Interrupt131):ABSOLUTE (__DefaultInterrupt) >> 0x10) & 0x7f)
                  0x002a31          0x2 SHORT 0x0
                  0x002a32          0x2 SHORT 0x2cd2 DEFINED (__Interrupt132)?ABSOLUTE (__Interrupt132):ABSOLUTE (__DefaultInterrupt)
                  0x002a33          0x2 SHORT 0x4
                  0x002a34          0x2 SHORT 0x0 ((DEFINED (__Interrupt132)?ABSOLUTE (__Interrupt132):ABSOLUTE (__DefaultInterrupt) >> 0x10) & 0x7f)
                  0x002a35          0x2 SHORT 0x0
                  0x002a36          0x2 SHORT 0x2cd2 DEFINED (__Interrupt133)?ABSOLUTE (__Interrupt133):ABSOLUTE (__DefaultInterrupt)
                  0x002a37          0x2 SHORT 0x4
                  0x002a38          0x2 SHORT 0x0 ((DEFINED (__Interrupt133)?ABSOLUTE (__Interrupt133):ABSOLUTE (__DefaultInterrupt) >> 0x10) & 0x7f)
                  0x002a39          0x2 SHORT 0x0
                  0x002a3a          0x2 SHORT 0x2cd2 DEFINED (__Interrupt134)?ABSOLUTE (__Interrupt134):ABSOLUTE (__DefaultInterrupt)
                  0x002a3b          0x2 SHORT 0x4
                  0x002a3c          0x2 SHORT 0x0 ((DEFINED (__Interrupt134)?ABSOLUTE (__Interrupt134):ABSOLUTE (__DefaultInterrupt) >> 0x10) & 0x7f)
                  0x002a3d          0x2 SHORT 0x0
                  0x002a3e          0x2 SHORT 0x2cd2 DEFINED (__Interrupt135)?ABSOLUTE (__Interrupt135):ABSOLUTE (__DefaultInterrupt)
                  0x002a3f          0x2 SHORT 0x4
                  0x002a40          0x2 SHORT 0x0 ((DEFINED (__Interrupt135)?ABSOLUTE (__Interrupt135):ABSOLUTE (__DefaultInterrupt) >> 0x10) & 0x7f)
                  0x002a41          0x2 SHORT 0x0
                  0x002a42          0x2 SHORT 0x2cd2 DEFINED (__Interrupt136)?ABSOLUTE (__Interrupt136):ABSOLUTE (__DefaultInterrupt)
                  0x002a43          0x2 SHORT 0x4
                  0x002a44          0x2 SHORT 0x0 ((DEFINED (__Interrupt136)?ABSOLUTE (__Interrupt136):ABSOLUTE (__DefaultInterrupt) >> 0x10) & 0x7f)
                  0x002a45          0x2 SHORT 0x0
                  0x002a46          0x2 SHORT 0x2cd2 DEFINED (__Interrupt137)?ABSOLUTE (__Interrupt137):ABSOLUTE (__DefaultInterrupt)
                  0x002a47          0x2 SHORT 0x4
                  0x002a48          0x2 SHORT 0x0 ((DEFINED (__Interrupt137)?ABSOLUTE (__Interrupt137):ABSOLUTE (__DefaultInterrupt) >> 0x10) & 0x7f)
                  0x002a49          0x2 SHORT 0x0
                  0x002a4a          0x2 SHORT 0x2cd2 DEFINED (__Interrupt138)?ABSOLUTE (__Interrupt138):ABSOLUTE (__DefaultInterrupt)
                  0x002a4b          0x2 SHORT 0x4
                  0x002a4c          0x2 SHORT 0x0 ((DEFINED (__Interrupt138)?ABSOLUTE (__Interrupt138):ABSOLUTE (__DefaultInterrupt) >> 0x10) & 0x7f)
                  0x002a4d          0x2 SHORT 0x0
                  0x002a4e          0x2 SHORT 0x2cd2 DEFINED (__Interrupt139)?ABSOLUTE (__Interrupt139):ABSOLUTE (__DefaultInterrupt)
                  0x002a4f          0x2 SHORT 0x4
                  0x002a50          0x2 SHORT 0x0 ((DEFINED (__Interrupt139)?ABSOLUTE (__Interrupt139):ABSOLUTE (__DefaultInterrupt) >> 0x10) & 0x7f)
                  0x002a51          0x2 SHORT 0x0
                  0x002a52          0x2 SHORT 0x2cd2 DEFINED (__Interrupt140)?ABSOLUTE (__Interrupt140):ABSOLUTE (__DefaultInterrupt)
                  0x002a53          0x2 SHORT 0x4
                  0x002a54          0x2 SHORT 0x0 ((DEFINED (__Interrupt140)?ABSOLUTE (__Interrupt140):ABSOLUTE (__DefaultInterrupt) >> 0x10) & 0x7f)
                  0x002a55          0x2 SHORT 0x0
                  0x002a56          0x2 SHORT 0x2cd2 DEFINED (__Interrupt141)?ABSOLUTE (__Interrupt141):ABSOLUTE (__DefaultInterrupt)
                  0x002a57          0x2 SHORT 0x4
                  0x002a58          0x2 SHORT 0x0 ((DEFINED (__Interrupt141)?ABSOLUTE (__Interrupt141):ABSOLUTE (__DefaultInterrupt) >> 0x10) & 0x7f)
                  0x002a59          0x2 SHORT 0x0
                  0x002a5a          0x2 SHORT 0x2cd2 DEFINED (__ICDInterrupt)?ABSOLUTE (__ICDInterrupt):ABSOLUTE (__DefaultInterrupt)
                  0x002a5b          0x2 SHORT 0x4
                  0x002a5c          0x2 SHORT 0x0 ((DEFINED (__ICDInterrupt)?ABSOLUTE (__ICDInterrupt):ABSOLUTE (__DefaultInterrupt) >> 0x10) & 0x7f)
                  0x002a5d          0x2 SHORT 0x0
                  0x002a5e          0x2 SHORT 0x2cd2 DEFINED (__JTAGInterrupt)?ABSOLUTE (__JTAGInterrupt):ABSOLUTE (__DefaultInterrupt)
                  0x002a5f          0x2 SHORT 0x4
                  0x002a60          0x2 SHORT 0x0 ((DEFINED (__JTAGInterrupt)?ABSOLUTE (__JTAGInterrupt):ABSOLUTE (__DefaultInterrupt) >> 0x10) & 0x7f)
                  0x002a61          0x2 SHORT 0x0
                  0x002a62          0x2 SHORT 0x2cd2 DEFINED (__Interrupt144)?ABSOLUTE (__Interrupt144):ABSOLUTE (__DefaultInterrupt)
                  0x002a63          0x2 SHORT 0x4
                  0x002a64          0x2 SHORT 0x0 ((DEFINED (__Interrupt144)?ABSOLUTE (__Interrupt144):ABSOLUTE (__DefaultInterrupt) >> 0x10) & 0x7f)
                  0x002a65          0x2 SHORT 0x0
                  0x002a66          0x2 SHORT 0x2cd2 DEFINED (__PTGSTEPInterrupt)?ABSOLUTE (__PTGSTEPInterrupt):ABSOLUTE (__DefaultInterrupt)
                  0x002a67          0x2 SHORT 0x4
                  0x002a68          0x2 SHORT 0x0 ((DEFINED (__PTGSTEPInterrupt)?ABSOLUTE (__PTGSTEPInterrupt):ABSOLUTE (__DefaultInterrupt) >> 0x10) & 0x7f)
                  0x002a69          0x2 SHORT 0x0
                  0x002a6a          0x2 SHORT 0x2cd2 DEFINED (__PTGWDTInterrupt)?ABSOLUTE (__PTGWDTInterrupt):ABSOLUTE (__DefaultInterrupt)
                  0x002a6b          0x2 SHORT 0x4
                  0x002a6c          0x2 SHORT 0x0 ((DEFINED (__PTGWDTInterrupt)?ABSOLUTE (__PTGWDTInterrupt):ABSOLUTE (__DefaultInterrupt) >> 0x10) & 0x7f)
                  0x002a6d          0x2 SHORT 0x0
                  0x002a6e          0x2 SHORT 0x2cd2 DEFINED (__PTG0Interrupt)?ABSOLUTE (__PTG0Interrupt):ABSOLUTE (__DefaultInterrupt)
                  0x002a6f          0x2 SHORT 0x4
                  0x002a70          0x2 SHORT 0x0 ((DEFINED (__PTG0Interrupt)?ABSOLUTE (__PTG0Interrupt):ABSOLUTE (__DefaultInterrupt) >> 0x10) & 0x7f)
                  0x002a71          0x2 SHORT 0x0
                  0x002a72          0x2 SHORT 0x2cd2 DEFINED (__PTG1Interrupt)?ABSOLUTE (__PTG1Interrupt):ABSOLUTE (__DefaultInterrupt)
                  0x002a73          0x2 SHORT 0x4
                  0x002a74          0x2 SHORT 0x0 ((DEFINED (__PTG1Interrupt)?ABSOLUTE (__PTG1Interrupt):ABSOLUTE (__DefaultInterrupt) >> 0x10) & 0x7f)
                  0x002a75          0x2 SHORT 0x0
                  0x002a76          0x2 SHORT 0x2cd2 DEFINED (__PTG2Interrupt)?ABSOLUTE (__PTG2Interrupt):ABSOLUTE (__DefaultInterrupt)
                  0x002a77          0x2 SHORT 0x4
                  0x002a78          0x2 SHORT 0x0 ((DEFINED (__PTG2Interrupt)?ABSOLUTE (__PTG2Interrupt):ABSOLUTE (__DefaultInterrupt) >> 0x10) & 0x7f)
                  0x002a79          0x2 SHORT 0x0
                  0x002a7a          0x2 SHORT 0x2cd2 DEFINED (__PTG3Interrupt)?ABSOLUTE (__PTG3Interrupt):ABSOLUTE (__DefaultInterrupt)
                  0x002a7b          0x2 SHORT 0x4
                  0x002a7c          0x2 SHORT 0x0 ((DEFINED (__PTG3Interrupt)?ABSOLUTE (__PTG3Interrupt):ABSOLUTE (__DefaultInterrupt) >> 0x10) & 0x7f)
                  0x002a7d          0x2 SHORT 0x0

.text             0x002b00       0x2182
 *(.init)
 .init            0x002b00         0x48 c:/program files/microchip/xc16/v2.10/bin/bin/../../lib\libc99-pic30-elf.a(crt0_extendedep.o)
                  0x002b00                  __resetPRI
                  0x002b00                  __reset
                  0x002b3c                  __psv_init
 .init            0x002b48         0xb2 c:/program files/microchip/xc16/v2.10/bin/bin/../../lib\libc99-pic30-elf.a(data_init_extended.o)
                  0x002b48                  __data_init
                  0x002b48                  __data_init_extended
 *(.user_init)
 *(.handle)
 .handle          0x002bfa         0x1c jump_table
 *(.isr*)
 .isr.text        0x002c16         0xbc build/default/production/hcsr04_macro.o
                  0x002c16                  __T2Interrupt
                  0x002c28                  __IC1Interrupt
 .isr.text        0x002cd2         0x34 build/default/production/_ext/1106609200/pic24_util.o
                  0x002cd2                  __DefaultInterrupt
 *(.libc)
 .libc            0x002d06        0x264 build/default/production/_ext/1106609200/pic24_stdio_uart.o
                  0x002d06                  _open
                  0x002df4                  _read
                  0x002ea6                  _write
                  0x002f50                  _close
                  0x002f5a                  _lseek
 *(.libm)
 *(.libdsp)
 *(.lib*)
 .libpic30_crt_start_mode
                  0x002f6a          0x2 c:/program files/microchip/xc16/v2.10/bin/bin/../../lib\libc99-pic30-elf.a(crt_start_mode_normalep.Meo)
                  0x002f6a                  __crt_start_mode
                  0x002f6a                  __crt_start_mode_normal
 .libm.divsi3     0x002f6c         0x1e c:/program files/microchip/xc16/v2.10/bin/bin/../../lib\libc99-pic30-elf.a(divsi3.EP_o)
                  0x002f6c                  ___divsi3
 .libm.eqsf2      0x002f8a          0x4 c:/program files/microchip/xc16/v2.10/bin/bin/../../lib\libc99-pic30-elf.a(feqltle.EP_o)
                  0x002f8a                  ___eqsf2
                  0x002f8a                  ___ltsf2
                  0x002f8a                  ___lesf2
 .libm.gtsf2      0x002f8e          0x4 c:/program files/microchip/xc16/v2.10/bin/bin/../../lib\libc99-pic30-elf.a(fgtge.EP_o)
                  0x002f8e                  ___gesf2
                  0x002f8e                  ___gtsf2
 .libm.fixunssfsi
                  0x002f92         0x36 c:/program files/microchip/xc16/v2.10/bin/bin/../../lib\libc99-pic30-elf.a(fixunssfsi.EP_o)
                  0x002f92                  ___fixunssfsi
 .libm.floatunsisf
                  0x002fc8          0x4 c:/program files/microchip/xc16/v2.10/bin/bin/../../lib\libc99-pic30-elf.a(floatunsisf.EP_o)
                  0x002fc8                  ___floatunsisf
 .libm.funpack    0x002fcc         0x2a c:/program files/microchip/xc16/v2.10/bin/bin/../../lib\libc99-pic30-elf.a(funpack.EP_o)
                  0x002fcc                  __funpack
 .libm.udivsi3    0x002ff6         0x20 c:/program files/microchip/xc16/v2.10/bin/bin/../../lib\libc99-pic30-elf.a(udivsi3.EP_o)
                  0x002ff6                  ___udivsi3
 .libmx           0x003016        0x1dc c:/program files/microchip/xc16/v2.10/bin/bin/../../lib\libc99-pic30-elf.a(addsf3x.EP_o)
                  0x003016                  ___subsf3x
                  0x003016                  ___subsf3
                  0x003028                  ___addsf3x
                  0x003028                  ___addsf3
 .libmx           0x0031f2        0x1be c:/program files/microchip/xc16/v2.10/bin/bin/../../lib\libc99-pic30-elf.a(divsf3x.EP_o)
                  0x0031f2                  ___divsf3x
                  0x0031f2                  ___divsf3
                  0x003384                  __sdivf
 .libmx           0x0033b0        0x10c c:/program files/microchip/xc16/v2.10/bin/bin/../../lib\libc99-pic30-elf.a(mulsf3x.EP_o)
                  0x0033b0                  ___mulsf3x
                  0x0033b0                  ___mulsf3
 .libmx           0x0034bc         0x54 c:/program files/microchip/xc16/v2.10/bin/bin/../../lib\libc99-pic30-elf.a(dnrmpackfx.EP_o)
                  0x0034bc                  __dnrmpackf
 .libmx           0x003510         0x5e c:/program files/microchip/xc16/v2.10/bin/bin/../../lib\libc99-pic30-elf.a(unpackdnrmfx.EP_o)
                  0x003510                  __unpackdnrmf
 .libmx           0x00356e         0x34 c:/program files/microchip/xc16/v2.10/bin/bin/../../lib\libc99-pic30-elf.a(typefx.EP_o)
                  0x00356e                  __typef
 .libmx           0x0035a2         0x12 c:/program files/microchip/xc16/v2.10/bin/bin/../../lib\libc99-pic30-elf.a(propnanfx.EP_o)
                  0x0035a2                  __propnanf
 .libmx           0x0035b4         0xa6 c:/program files/microchip/xc16/v2.10/bin/bin/../../lib\libc99-pic30-elf.a(spackfx.EP_o)
                  0x0035b4                  __spackf
 .libmx           0x00365a         0x66 c:/program files/microchip/xc16/v2.10/bin/bin/../../lib\libc99-pic30-elf.a(unpackfx.EP_o)
                  0x00365a                  __unpackf
 .libm.fcompare
                  0x0036c0         0x36 c:/program files/microchip/xc16/v2.10/bin/bin/../../lib\libc99-pic30-elf.a(fcompare.EP_o)
                  0x0036c0                  __fcompare
 .libm.floatundisf
                  0x0036f6         0x5e c:/program files/microchip/xc16/v2.10/bin/bin/../../lib\libc99-pic30-elf.a(floatundisf.EP_o)
                  0x0036f6                  ___floatundisf
 .libm.fpack      0x003754         0x4c c:/program files/microchip/xc16/v2.10/bin/bin/../../lib\libc99-pic30-elf.a(fpack.EP_o)
                  0x003754                  __fpack
 .libm.funpack2
                  0x0037a0         0x10 c:/program files/microchip/xc16/v2.10/bin/bin/../../lib\libc99-pic30-elf.a(funpack2.EP_o)
                  0x0037a0                  __funpack2
 .libc.__wrap_printf
                  0x0037b0         0x10 c:/program files/microchip/xc16/v2.10/bin/bin/../../lib\libc99-elf.a(__sio_printf_f.EP_o)
                  0x0037b0                  __printf_eE
                  0x0037b0                  __dprintf_eEfF
                  0x0037b0                  __dprintf_eE
                  0x0037b0                  __dprintf_fF
                  0x0037b0                  __printf_eEgG
                  0x0037b0                  __printf_fFgG
                  0x0037b0                  __printf_fF
                  0x0037b0                  __dprintf_eEgG
                  0x0037b0                  __printf_eEfF
                  0x0037b0                  __dprintf_gG
                  0x0037b0                  __dprintf_eEfFgG
                  0x0037b0                  __printf_gG
                  0x0037b0                  __dprintf_fFgG
                  0x0037b0                  __printf_eEfFgG
 .libc.__sio_printf_f
                  0x0037c0          0x4 c:/program files/microchip/xc16/v2.10/bin/bin/../../lib\libc99-elf.a(__sio_printf_f.EP_o)
                  0x0037c0                  ___sio_printf_f
 .libc.memset     0x0037c4         0xc8 c:/program files/microchip/xc16/v2.10/bin/bin/../../lib\libc99-elf.a(memset.EP_o)
                  0x0037c4                  _memset
 .libc.__dummy0
                  0x00388c          0x2 c:/program files/microchip/xc16/v2.10/bin/bin/../../lib\libc99-elf.a(stdout.EP_o)
                  0x00388c                  ___stdio_seek
 .libc.__dummy    0x00388e          0x4 c:/program files/microchip/xc16/v2.10/bin/bin/../../lib\libc99-elf.a(stdout.EP_o)
                  0x00388e                  ___get_stdout
 .libc.__init_stdout
                  0x003892          0x8 c:/program files/microchip/xc16/v2.10/bin/bin/../../lib\libc99-elf.a(stdout.EP_o)
                  0x003892                  ___init_stdout
 .libc.strlen     0x00389a         0x30 c:/program files/microchip/xc16/v2.10/bin/bin/../../lib\libc99-elf.a(strlen.EP_o)
                  0x00389a                  _strlen
 .libc.__LONG_DOUBLE_BITS
                  0x0038ca          0x2 c:/program files/microchip/xc16/v2.10/bin/bin/../../lib\libc99-elf.a(__fmt_fp.EP_o)
 .libc.__fmt_fp
                  0x0038cc        0x5a6 c:/program files/microchip/xc16/v2.10/bin/bin/../../lib\libc99-elf.a(__fmt_fp.EP_o)
                  0x0038cc                  ___fmt_f_needed
                  0x0038cc                  ___fmt_fp
 .libc.__vfprintf
                  0x003e72         0x1c c:/program files/microchip/xc16/v2.10/bin/bin/../../lib\libc99-elf.a(__int_vfprintf.EP_o)
                  0x003e72                  ___vfprintf
 .libc.__string_out
                  0x003e8e         0x26 c:/program files/microchip/xc16/v2.10/bin/bin/../../lib\libc99-elf.a(__out.EP_o)
 .libc.__fwrite_min
                  0x003eb4          0x4 c:/program files/microchip/xc16/v2.10/bin/bin/../../lib\libc99-elf.a(__out.EP_o)
                  0x003eb4                  ___fwrite
                  0x003eb4                  ___stdio_write
                  0x003eb4                  ___stdio_write_unbuffered
 .libc.__out      0x003eb8         0x10 c:/program files/microchip/xc16/v2.10/bin/bin/../../lib\libc99-elf.a(__out.EP_o)
                  0x003eb8                  ___out_needed
                  0x003eb8                  ___out
 .libc.__pop_float
                  0x003ec8         0x44 c:/program files/microchip/xc16/v2.10/bin/bin/../../lib\libc99-elf.a(__pop_float.EP_o)
                  0x003ec8                  ___pop_float
                  0x003ec8                  ___pop_float_needed
 .libc.__string_out
                  0x003f0c         0x26 c:/program files/microchip/xc16/v2.10/bin/bin/../../lib\libc99-elf.a(__printf_core.EP_o)
 .libc.__pad      0x003f32         0x74 c:/program files/microchip/xc16/v2.10/bin/bin/../../lib\libc99-elf.a(__printf_core.EP_o)
                  0x003f32                  ___pad
 .libc.__dummy_fmt3
                  0x003fa6          0x2 c:/program files/microchip/xc16/v2.10/bin/bin/../../lib\libc99-elf.a(__printf_core.EP_o)
                  0x003fa6                  ___fmt_u
                  0x003fa6                  ___fmt_o
                  0x003fa6                  ___fmt_d
 .libc.__dummy_fmt4
                  0x003fa8          0x2 c:/program files/microchip/xc16/v2.10/bin/bin/../../lib\libc99-elf.a(__printf_core.EP_o)
                  0x003fa8                  ___fmt_a
                  0x003fa8                  ___fmt_x
 .libc.__dummy_fmts
                  0x003faa          0x2 c:/program files/microchip/xc16/v2.10/bin/bin/../../lib\libc99-elf.a(__printf_core.EP_o)
                  0x003faa                  ___fmt_s
 .libc.__fmt_state
                  0x003fac         0x32 c:/program files/microchip/xc16/v2.10/bin/bin/../../lib\libc99-elf.a(__printf_core.EP_o)
                  0x003fac                  ___fmt_state
 .libc.vfpfcnvrt.clone.0
                  0x003fde        0x2d8 c:/program files/microchip/xc16/v2.10/bin/bin/../../lib\libc99-elf.a(__printf_core.EP_o)
 .libc.__printf_core
                  0x0042b6         0x40 c:/program files/microchip/xc16/v2.10/bin/bin/../../lib\libc99-elf.a(__printf_core.EP_o)
                  0x0042b6                  ___printf_core
 .libc.__stdio_close
                  0x0042f6         0x3e c:/program files/microchip/xc16/v2.10/bin/bin/../../lib\libc99-elf.a(__stdio_close.EP_o)
                  0x0042f6                  ___stdio_close
 .libc.__stdio_close_rw
                  0x004334         0x58 c:/program files/microchip/xc16/v2.10/bin/bin/../../lib\libc99-elf.a(__stdio_close.EP_o)
                  0x004334                  ___stdio_close_rw
 .libc.__isspace
                  0x00438c         0x14 c:/program files/microchip/xc16/v2.10/bin/bin/../../lib\libc99-elf.a(atoi.EP_o)
 .libc.atoi       0x0043a0         0x4c c:/program files/microchip/xc16/v2.10/bin/bin/../../lib\libc99-elf.a(atoi.EP_o)
                  0x0043a0                  _atoi
 .libc.memcpy     0x0043ec          0xe c:/program files/microchip/xc16/v2.10/bin/bin/../../lib\libc99-elf.a(memcpy.EP_o)
                  0x0043ec                  _memcpy
 .libc.strcpy     0x0043fa          0xe c:/program files/microchip/xc16/v2.10/bin/bin/../../lib\libc99-elf.a(strcpy.EP_o)
                  0x0043fa                  _strcpy
 .libc.tolower    0x004408          0xc c:/program files/microchip/xc16/v2.10/bin/bin/../../lib\libc99-elf.a(tolower.EP_o)
                  0x004408                  _tolower
 .libc.__tolower_l
                  0x004414          0x2 c:/program files/microchip/xc16/v2.10/bin/bin/../../lib\libc99-elf.a(tolower.EP_o)
                  0x004414                  ___tolower_l
                  0x004414                  _tolower_l
 .libc.__dummy    0x004416          0x2 c:/program files/microchip/xc16/v2.10/bin/bin/../../lib\libc99-elf.a(__init_stdio.EP_o)
                  0x004416                  ___init_stderr
                  0x004416                  ___init_stdin
 .libc.__init_stdio
                  0x004418          0x6 c:/program files/microchip/xc16/v2.10/bin/bin/../../lib\libc99-elf.a(__init_stdio.EP_o)
                  0x004418                  ___init_stdio
                  0x004418                  ___init_stdio_needed
 .libc.__pop_int
                  0x00441e         0xb0 c:/program files/microchip/xc16/v2.10/bin/bin/../../lib\libc99-elf.a(__pop_int.EP_o)
                  0x00441e                  ___pop_int
                  0x00441e                  ___pop_int_needed
 .libc.__pop_ptr
                  0x0044ce         0x70 c:/program files/microchip/xc16/v2.10/bin/bin/../../lib\libc99-elf.a(__pop_ptr.EP_o)
                  0x0044ce                  ___pop_ptr_needed
                  0x0044ce                  ___pop_ptr
 .libc.__stpcpy
                  0x00453e         0x40 c:/program files/microchip/xc16/v2.10/bin/bin/../../lib\libc99-elf.a(stpcpy.EP_o)
                  0x00453e                  ___stpcpy
                  0x00453e                  _stpcpy
 .libm.eqdf2      0x00457e          0xa c:/program files/microchip/xc16/v2.10/bin/bin/../../lib\libc99-pic30-elf.a(deqltle.EP_o)
                  0x00457e                  ___eqdf2
                  0x00457e                  ___ltdf2
                  0x00457e                  ___ledf2
 .libm.gtdf2      0x004588          0xa c:/program files/microchip/xc16/v2.10/bin/bin/../../lib\libc99-pic30-elf.a(dgtge.EP_o)
                  0x004588                  ___gtdf2
                  0x004588                  ___gedf2
 .libm.extendsfdf2
                  0x004592         0x3e c:/program files/microchip/xc16/v2.10/bin/bin/../../lib\libc99-pic30-elf.a(extendsfdf.EP_o)
                  0x004592                  ___extendsfdf2
 .libm.fixdfsi    0x0045d0         0x58 c:/program files/microchip/xc16/v2.10/bin/bin/../../lib\libc99-pic30-elf.a(fixdfsi.EP_o)
                  0x0045d0                  _(float, int, long long, double, float, short, int)
 .libm.mulsi3     0x004628          0xc c:/program files/microchip/xc16/v2.10/bin/bin/../../lib\libc99-pic30-elf.a(mulsi3.EP_o)
                  0x004628                  ___mulp32peds3
                  0x004628                  ___mulsi3
                  0x004628                  ___mulp32eds3
 .lib_dpfops      0x004634         0xa2 c:/program files/microchip/xc16/v2.10/bin/bin/../../lib\libc99-pic30-elf.a(dpadd.EP_o)
                  0x004634                  ___subdf3
                  0x004640                  ___adddf3
 .lib_dpfops      0x0046d6        0x15e c:/program files/microchip/xc16/v2.10/bin/bin/../../lib\libc99-pic30-elf.a(dpdiv.EP_o)
                  0x0046d6                  ___divdf3
 .lib_dpfops      0x004834        0x11a c:/program files/microchip/xc16/v2.10/bin/bin/../../lib\libc99-pic30-elf.a(dpmul.EP_o)
                  0x004834                  ___muldf3
 .lib_dpfops      0x00494e        0x128 c:/program files/microchip/xc16/v2.10/bin/bin/../../lib\libc99-pic30-elf.a(dpsubs.EP_o)
                  0x004968                  __dxchg
                  0x004976                  __drshft
                  0x0049d0                  __dupchk
                  0x004a32                  __drndex
                  0x004a3c                  __dnsrnd
                  0x004a68                  __dpakex
 .libm.dcompare
                  0x004a76         0x52 c:/program files/microchip/xc16/v2.10/bin/bin/../../lib\libc99-pic30-elf.a(dcompare.EP_o)
                  0x004a76                  __dcompare
 .libm.dtype      0x004ac8         0x24 c:/program files/microchip/xc16/v2.10/bin/bin/../../lib\libc99-pic30-elf.a(dtype.EP_o)
                  0x004ac8                  __dtype
 .libm.dunpack    0x004aec         0x4e c:/program files/microchip/xc16/v2.10/bin/bin/../../lib\libc99-pic30-elf.a(dunpack.EP_o)
                  0x004aec                  __dunpack
 .libm.dunpack2
                  0x004b3a         0x32 c:/program files/microchip/xc16/v2.10/bin/bin/../../lib\libc99-pic30-elf.a(dunpack2.EP_o)
                  0x004b3a                  __dunpack2
                  0x004b5c                  __dreturnNaN
                  0x004b62                  __dunpack2exit
 .libm.dPropagateNaN
                  0x004b6c         0x1e c:/program files/microchip/xc16/v2.10/bin/bin/../../lib\libc99-pic30-elf.a(dpropagateNaN.EP_o)
                  0x004b6c                  __dPropagateNaN
 .libc.floorl     0x004b8a         0xf8 c:/program files/microchip/xc16/v2.10/bin/bin/../../lib\libm-elf.a(floorl.EP_o)
                  0x004b8a                  _floorl

usercode
 *(usercode)

__FICD
 *(__FICD.sec*)

__FPOR
 *(__FPOR.sec*)

__FWDT
 *(__FWDT.sec*)

__FOSC
 *(__FOSC.sec*)

__FOSCSEL
 *(__FOSCSEL.sec*)

__FGS             0x0157fa          0x2
 *(__FGS.sec*)
 __FGS.sec        0x0157fa          0x2 /CW/_FGS ¯x
                  0x0157fa                  __FGS.sec

__FUID0
 *(__FUID0.sec*)

__FUID1
 *(__FUID1.sec*)

__FUID2
 *(__FUID2.sec*)

__FUID3
 *(__FUID3.sec*)

.comment
 *(.comment)

.debug_info       0x000000       0xd0b8
 *(.debug_info)
 .debug_info      0x000000       0x1d11 build/default/production/hcsr04_macro.o